
Discarded input sections

 .group         0x0000000000000000        0xc ./Drivers/src/ch32v20x_adc.o
 .group         0x0000000000000000        0xc ./Drivers/src/ch32v20x_adc.o
 .group         0x0000000000000000        0xc ./Drivers/src/ch32v20x_adc.o
 .group         0x0000000000000000        0xc ./Drivers/src/ch32v20x_adc.o
 .group         0x0000000000000000        0xc ./Drivers/src/ch32v20x_adc.o
 .group         0x0000000000000000        0xc ./Drivers/src/ch32v20x_adc.o
 .group         0x0000000000000000        0xc ./Drivers/src/ch32v20x_adc.o
 .group         0x0000000000000000        0xc ./Drivers/src/ch32v20x_adc.o
 .group         0x0000000000000000        0xc ./Drivers/src/ch32v20x_adc.o
 .group         0x0000000000000000        0xc ./Drivers/src/ch32v20x_adc.o
 .group         0x0000000000000000        0xc ./Drivers/src/ch32v20x_adc.o
 .group         0x0000000000000000        0xc ./Drivers/src/ch32v20x_adc.o
 .group         0x0000000000000000        0xc ./Drivers/src/ch32v20x_adc.o
 .group         0x0000000000000000        0xc ./Drivers/src/ch32v20x_adc.o
 .group         0x0000000000000000        0xc ./Drivers/src/ch32v20x_adc.o
 .group         0x0000000000000000        0xc ./Drivers/src/ch32v20x_adc.o
 .group         0x0000000000000000        0xc ./Drivers/src/ch32v20x_adc.o
 .group         0x0000000000000000        0xc ./Drivers/src/ch32v20x_adc.o
 .group         0x0000000000000000        0xc ./Drivers/src/ch32v20x_adc.o
 .group         0x0000000000000000        0xc ./Drivers/src/ch32v20x_adc.o
 .group         0x0000000000000000        0xc ./Drivers/src/ch32v20x_adc.o
 .group         0x0000000000000000        0xc ./Drivers/src/ch32v20x_adc.o
 .group         0x0000000000000000        0xc ./Drivers/src/ch32v20x_adc.o
 .group         0x0000000000000000        0xc ./Drivers/src/ch32v20x_adc.o
 .group         0x0000000000000000        0xc ./Drivers/src/ch32v20x_adc.o
 .group         0x0000000000000000        0xc ./Drivers/src/ch32v20x_adc.o
 .group         0x0000000000000000        0xc ./Drivers/src/ch32v20x_adc.o
 .group         0x0000000000000000        0xc ./Drivers/src/ch32v20x_adc.o
 .text          0x0000000000000000        0x0 ./Drivers/src/ch32v20x_adc.o
 .data          0x0000000000000000        0x0 ./Drivers/src/ch32v20x_adc.o
 .bss           0x0000000000000000        0x0 ./Drivers/src/ch32v20x_adc.o
 .text.ADC_DeInit
                0x0000000000000000       0x70 ./Drivers/src/ch32v20x_adc.o
 .text.ADC_Init
                0x0000000000000000      0x100 ./Drivers/src/ch32v20x_adc.o
 .text.ADC_StructInit
                0x0000000000000000       0x42 ./Drivers/src/ch32v20x_adc.o
 .text.ADC_Cmd  0x0000000000000000       0x3e ./Drivers/src/ch32v20x_adc.o
 .text.ADC_DMACmd
                0x0000000000000000       0x3e ./Drivers/src/ch32v20x_adc.o
 .text.ADC_ITConfig
                0x0000000000000000       0x58 ./Drivers/src/ch32v20x_adc.o
 .text.ADC_ResetCalibration
                0x0000000000000000       0x22 ./Drivers/src/ch32v20x_adc.o
 .text.ADC_GetResetCalibrationStatus
                0x0000000000000000       0x30 ./Drivers/src/ch32v20x_adc.o
 .text.ADC_StartCalibration
                0x0000000000000000       0x22 ./Drivers/src/ch32v20x_adc.o
 .text.ADC_GetCalibrationStatus
                0x0000000000000000       0x30 ./Drivers/src/ch32v20x_adc.o
 .text.ADC_SoftwareStartConvCmd
                0x0000000000000000       0x44 ./Drivers/src/ch32v20x_adc.o
 .text.ADC_GetSoftwareStartConvStatus
                0x0000000000000000       0x34 ./Drivers/src/ch32v20x_adc.o
 .text.ADC_DiscModeChannelCountConfig
                0x0000000000000000       0x5c ./Drivers/src/ch32v20x_adc.o
 .text.ADC_DiscModeCmd
                0x0000000000000000       0x46 ./Drivers/src/ch32v20x_adc.o
 .text.ADC_RegularChannelConfig
                0x0000000000000000      0x248 ./Drivers/src/ch32v20x_adc.o
 .text.ADC_ExternalTrigConvCmd
                0x0000000000000000       0x44 ./Drivers/src/ch32v20x_adc.o
 .text.ADC_GetConversionValue
                0x0000000000000000       0x1c ./Drivers/src/ch32v20x_adc.o
 .text.ADC_GetDualModeConversionValue
                0x0000000000000000       0x18 ./Drivers/src/ch32v20x_adc.o
 .text.ADC_AutoInjectedConvCmd
                0x0000000000000000       0x3e ./Drivers/src/ch32v20x_adc.o
 .text.ADC_InjectedDiscModeCmd
                0x0000000000000000       0x40 ./Drivers/src/ch32v20x_adc.o
 .text.ADC_ExternalTrigInjectedConvConfig
                0x0000000000000000       0x4a ./Drivers/src/ch32v20x_adc.o
 .text.ADC_ExternalTrigInjectedConvCmd
                0x0000000000000000       0x40 ./Drivers/src/ch32v20x_adc.o
 .text.ADC_SoftwareStartInjectedConvCmd
                0x0000000000000000       0x44 ./Drivers/src/ch32v20x_adc.o
 .text.ADC_GetSoftwareStartInjectedConvCmdStatus
                0x0000000000000000       0x34 ./Drivers/src/ch32v20x_adc.o
 .text.ADC_InjectedChannelConfig
                0x0000000000000000      0x19c ./Drivers/src/ch32v20x_adc.o
[...]
Memory Configuration

Name             Origin             Length             Attributes
FLASH            0x0000000000000000 0x0000000000010000 xr
RAM              0x0000000020000000 0x0000000000005000 xrw
*default*        0x0000000000000000 0xffffffffffffffff

Linker script and memory map

LOAD ./Drivers/src/ch32v20x_adc.o
LOAD ./Drivers/src/ch32v20x_bkp.o
LOAD ./Drivers/src/ch32v20x_can.o
LOAD ./Drivers/src/ch32v20x_crc.o
LOAD ./Drivers/src/ch32v20x_dbgmcu.o
LOAD ./Drivers/src/ch32v20x_dma.o
LOAD ./Drivers/src/ch32v20x_exti.o
LOAD ./Drivers/src/ch32v20x_flash.o
LOAD ./Drivers/src/ch32v20x_gpio.o
LOAD ./Drivers/src/ch32v20x_i2c.o
LOAD ./Drivers/src/ch32v20x_iwdg.o
LOAD ./Drivers/src/ch32v20x_misc.o
LOAD ./Drivers/src/ch32v20x_opa.o
LOAD ./Drivers/src/ch32v20x_pwr.o
LOAD ./Drivers/src/ch32v20x_rcc.o
LOAD ./Drivers/src/ch32v20x_rtc.o
LOAD ./Drivers/src/ch32v20x_spi.o
LOAD ./Drivers/src/ch32v20x_tim.o
LOAD ./Drivers/src/ch32v20x_usart.o
LOAD ./Drivers/src/ch32v20x_wwdg.o
LOAD ./Core/Startup/startup_ch32v20x_D6.o
LOAD ./Core/Src/ch32v20x_RVMSIS.o
LOAD ./Core/Src/core_riscv.o
LOAD ./Core/Src/main.o
LOAD ./Core/Src/system_ch32v20x.o
LOAD c:/mounriver/mounriver_studio/toolchain/risc-v embedded gcc/bin/../lib/gcc/riscv-none-embed/8.2.0/rv32imacxw/ilp32\libgcc.a
LOAD c:/mounriver/mounriver_studio/toolchain/risc-v embedded gcc/bin/../lib/gcc/riscv-none-embed/8.2.0/../../../../riscv-none-embed/lib/rv32imacxw/ilp32\libg_nano.a
LOAD c:/mounriver/mounriver_studio/toolchain/risc-v embedded gcc/bin/../lib/gcc/riscv-none-embed/8.2.0/../../../../riscv-none-embed/lib/rv32imacxw/ilp32\libc_nano.a
LOAD c:/mounriver/mounriver_studio/toolchain/risc-v embedded gcc/bin/../lib/gcc/riscv-none-embed/8.2.0/rv32imacxw/ilp32\libgcc.a
START GROUP
LOAD c:/mounriver/mounriver_studio/toolchain/risc-v embedded gcc/bin/../lib/gcc/riscv-none-embed/8.2.0/rv32imacxw/ilp32\libgcc.a
LOAD c:/mounriver/mounriver_studio/toolchain/risc-v embedded gcc/bin/../lib/gcc/riscv-none-embed/8.2.0/../../../../riscv-none-embed/lib/rv32imacxw/ilp32\libc_nano.a
LOAD c:/mounriver/mounriver_studio/toolchain/risc-v embedded gcc/bin/../lib/gcc/riscv-none-embed/8.2.0/../../../../riscv-none-embed/lib/rv32imacxw/ilp32\libnosys.a
END GROUP
START GROUP
LOAD c:/mounriver/mounriver_studio/toolchain/risc-v embedded gcc/bin/../lib/gcc/riscv-none-embed/8.2.0/rv32imacxw/ilp32\libgcc.a
LOAD c:/mounriver/mounriver_studio/toolchain/risc-v embedded gcc/bin/../lib/gcc/riscv-none-embed/8.2.0/../../../../riscv-none-embed/lib/rv32imacxw/ilp32\libc_nano.a
LOAD c:/mounriver/mounriver_studio/toolchain/risc-v embedded gcc/bin/../lib/gcc/riscv-none-embed/8.2.0/../../../../riscv-none-embed/lib/rv32imacxw/ilp32\libnosys.a
END GROUP
                0x0000000000000200                __stack_size = 0x200
                [!provide]                        PROVIDE (_stack_size = __stack_size)

.init           0x0000000000000000       0x38
                0x0000000000000000                _sinit = .
                0x0000000000000000                . = ALIGN (0x4)
 *(SORT_NONE(.init))
 .init          0x0000000000000000       0x38 ./Core/Startup/startup_ch32v20x_D6.o
                0x0000000000000000                _start
                0x0000000000000038                . = ALIGN (0x4)
                0x0000000000000038                _einit = .

.vector         0x0000000000000038      0x108
 *(.vector)
 .vector        0x0000000000000038       0xfc ./Core/Startup/startup_ch32v20x_D6.o
                0x0000000000000140                . = ALIGN (0x40)
 *fill*         0x0000000000000134        0xc 

.text           0x0000000000000140      0xa78
                0x0000000000000140                . = ALIGN (0x4)
 *(.text)
 *(.text.*)
 .text.vector_handler
                0x0000000000000140       0x6c ./Core/Startup/startup_ch32v20x_D6.o
                0x0000000000000140                NMI_Handler
                0x0000000000000142                HardFault_Handler
                0x0000000000000144                Ecall_M_Mode_Handler
                0x0000000000000146                Ecall_U_Mode_Handler
                0x0000000000000148                Break_Point_Handler
                0x000000000000014c                SW_handler
                0x000000000000014e                WWDG_IRQHandler
                0x0000000000000150                PVD_IRQHandler
                0x0000000000000152                TAMPER_IRQHandler
                0x0000000000000154                RTC_IRQHandler
                0x0000000000000156                FLASH_IRQHandler
                0x0000000000000158                RCC_IRQHandler
                0x000000000000015a                EXTI0_IRQHandler
                0x000000000000015c                EXTI1_IRQHandler
                0x000000000000015e                EXTI2_IRQHandler
                0x0000000000000160                EXTI3_IRQHandler
                0x0000000000000162                EXTI4_IRQHandler
                0x0000000000000164                DMA1_Channel1_IRQHandler
                0x0000000000000166                DMA1_Channel2_IRQHandler
                0x0000000000000168                DMA1_Channel3_IRQHandler
                0x000000000000016a                DMA1_Channel4_IRQHandler
                0x000000000000016c                DMA1_Channel5_IRQHandler
                0x000000000000016e                DMA1_Channel6_IRQHandler
                0x0000000000000170                DMA1_Channel7_IRQHandler
                0x0000000000000172                ADC1_2_IRQHandler
                0x0000000000000174                USB_HP_CAN1_TX_IRQHandler
                0x0000000000000176                USB_LP_CAN1_RX0_IRQHandler
                0x0000000000000178                CAN1_RX1_IRQHandler
                0x000000000000017a                CAN1_SCE_IRQHandler
                0x000000000000017c                EXTI9_5_IRQHandler
                0x000000000000017e                TIM1_BRK_IRQHandler
                0x0000000000000180                TIM1_UP_IRQHandler
                0x0000000000000182                TIM1_TRG_COM_IRQHandler
                0x0000000000000184                TIM1_CC_IRQHandler
                0x0000000000000186                TIM2_IRQHandler
                0x0000000000000188                TIM3_IRQHandler
                0x000000000000018a                TIM4_IRQHandler
                0x000000000000018c                I2C1_EV_IRQHandler
                0x000000000000018e                I2C1_ER_IRQHandler
                0x0000000000000190                I2C2_EV_IRQHandler
                0x0000000000000192                I2C2_ER_IRQHandler
                0x0000000000000194                SPI1_IRQHandler
                0x0000000000000196                SPI2_IRQHandler
                0x0000000000000198                USART1_IRQHandler
                0x000000000000019a                USART2_IRQHandler
                0x000000000000019c                USART3_IRQHandler
                0x000000000000019e                EXTI15_10_IRQHandler
                0x00000000000001a0                RTCAlarm_IRQHandler
                0x00000000000001a2                USBWakeUp_IRQHandler
                0x00000000000001a4                USBHD_IRQHandler
                0x00000000000001a6                USBHDWakeUp_IRQHandler
                0x00000000000001a8                UART4_IRQHandler
                0x00000000000001aa                DMA1_Channel8_IRQHandler
 .text.handle_reset
                0x00000000000001ac       0x8e ./Core/Startup/startup_ch32v20x_D6.o
                0x00000000000001ac                handle_reset
 .text.NVIC_EnableIRQ
                0x000000000000023a       0x32 ./Core/Src/ch32v20x_RVMSIS.o
 .text.RVMSIS_Debug_init
                0x000000000000026c       0x70 ./Core/Src/ch32v20x_RVMSIS.o
                0x000000000000026c                RVMSIS_Debug_init
 .text.RVMSIS_RCC_SystemClock_144MHz
                0x00000000000002dc      0x1a2 ./Core/Src/ch32v20x_RVMSIS.o
                0x00000000000002dc                RVMSIS_RCC_SystemClock_144MHz
 .text.RVMSIS_SysTick_Timer_init
                0x000000000000047e       0x94 ./Core/Src/ch32v20x_RVMSIS.o
                0x000000000000047e                RVMSIS_SysTick_Timer_init
 .text.SysTick_Handler
                0x0000000000000512       0x6e ./Core/Src/ch32v20x_RVMSIS.o
                0x0000000000000512                SysTick_Handler
 .text.Delay_ms
                0x0000000000000580       0x2a ./Core/Src/ch32v20x_RVMSIS.o
                0x0000000000000580                Delay_ms
 .text.RVMSIS_PC13_OUTPUT_Push_Pull_init
                0x00000000000005aa       0x4e ./Core/Src/ch32v20x_RVMSIS.o
                0x00000000000005aa                RVMSIS_PC13_OUTPUT_Push_Pull_init
 .text.RVMSIS_FLASH_Unlock
                0x00000000000005f8       0x2a ./Core/Src/ch32v20x_RVMSIS.o
                0x00000000000005f8                RVMSIS_FLASH_Unlock
 .text.RVMSIS_FLASH_Lock
                0x0000000000000622       0x1e ./Core/Src/ch32v20x_RVMSIS.o
                0x0000000000000622                RVMSIS_FLASH_Lock
 .text.RVMSIS_FLASH_Page_erase
                0x0000000000000640       0x7a ./Core/Src/ch32v20x_RVMSIS.o
                0x0000000000000640                RVMSIS_FLASH_Page_erase
 .text.RVMSIS_FLASH_Page_write
                0x00000000000006ba      0x174 ./Core/Src/ch32v20x_RVMSIS.o
                0x00000000000006ba                RVMSIS_FLASH_Page_write
 .text.RVMSIS_FLASH_Read_data
                0x000000000000082e       0xda ./Core/Src/ch32v20x_RVMSIS.o
                0x000000000000082e                RVMSIS_FLASH_Read_data
 .text.main     0x0000000000000908      0x108 ./Core/Src/main.o
                0x0000000000000908                main
 .text.SystemInit
                0x0000000000000a10       0x7c ./Core/Src/system_ch32v20x.o
                0x0000000000000a10                SystemInit
 .text.SetSysClock
                0x0000000000000a8c       0x14 ./Core/Src/system_ch32v20x.o
 .text.SetSysClockTo96_HSE
                0x0000000000000aa0      0x114 ./Core/Src/system_ch32v20x.o
 *(.rodata)
 *fill*         0x0000000000000bb4        0x0 
 .rodata        0x0000000000000bb4        0x4 ./Core/Src/main.o
 *(.rodata*)
 *(.glue_7)
 *(.glue_7t)
 *(.gnu.linkonce.t.*)
                0x0000000000000bb8                . = ALIGN (0x4)

.rela.dyn       0x0000000000000bb8        0x0
 .rela.init     0x0000000000000bb8        0x0 ./Core/Startup/startup_ch32v20x_D6.o
 .rela.vector   0x0000000000000bb8        0x0 ./Core/Startup/startup_ch32v20x_D6.o
 .rela.text.handle_reset
                0x0000000000000bb8        0x0 ./Core/Startup/startup_ch32v20x_D6.o

.fini           0x0000000000000bb8        0x0
 *(SORT_NONE(.fini))
                0x0000000000000bb8                . = ALIGN (0x4)
                [!provide]                        PROVIDE (_etext = .)
                [!provide]                        PROVIDE (_eitcm = .)

.preinit_array  0x0000000000000bb8        0x0
                [!provide]                        PROVIDE (__preinit_array_start = .)
 *(.preinit_array)
                [!provide]                        PROVIDE (__preinit_array_end = .)

.init_array     0x0000000000000bb8        0x0
                [!provide]                        PROVIDE (__init_array_start = .)
 *(SORT_BY_INIT_PRIORITY(.init_array.*) SORT_BY_INIT_PRIORITY(.ctors.*))
 *(.init_array EXCLUDE_FILE(*crtend?.o *crtend.o *crtbegin?.o *crtbegin.o) .ctors)
                [!provide]                        PROVIDE (__init_array_end = .)

.fini_array     0x0000000000000bb8        0x0
                [!provide]                        PROVIDE (__fini_array_start = .)
 *(SORT_BY_INIT_PRIORITY(.fini_array.*) SORT_BY_INIT_PRIORITY(.dtors.*))
 *(.fini_array EXCLUDE_FILE(*crtend?.o *crtend.o *crtbegin?.o *crtbegin.o) .dtors)
                [!provide]                        PROVIDE (__fini_array_end = .)

.ctors
 *crtbegin.o(.ctors)
 *crtbegin?.o(.ctors)
 *(EXCLUDE_FILE(*crtend?.o *crtend.o) .ctors)
 *(SORT_BY_NAME(.ctors.*))
 *(.ctors)

.dtors
 *crtbegin.o(.dtors)
 *crtbegin?.o(.dtors)
 *(EXCLUDE_FILE(*crtend?.o *crtend.o) .dtors)
 *(SORT_BY_NAME(.dtors.*))
 *(.dtors)

.dalign         0x0000000020000000        0x0 load address 0x0000000000000bb8
                0x0000000020000000                . = ALIGN (0x4)
                0x0000000020000000                PROVIDE (_data_vma = .)

.dlalign        0x0000000000000bb8        0x0
                0x0000000000000bb8                . = ALIGN (0x4)
                0x0000000000000bb8                PROVIDE (_data_lma = .)

.data           0x0000000020000000        0x0 load address 0x0000000000000bb8
 *(.gnu.linkonce.r.*)
 *(.data .data.*)
 *(.gnu.linkonce.d.*)
                0x0000000020000000                . = ALIGN (0x8)
                0x0000000020000800                PROVIDE (__global_pointer$ = (. + 0x800))
 *(.sdata .sdata.*)
 *(.sdata2.*)
 *(.gnu.linkonce.s.*)
                0x0000000020000000                . = ALIGN (0x8)
 *(.srodata.cst16)
 *(.srodata.cst8)
 *(.srodata.cst4)
 *(.srodata.cst2)
 *(.srodata .srodata.*)
                0x0000000020000000                . = ALIGN (0x4)
                0x0000000020000000                PROVIDE (_edata = .)

.bss            0x0000000020000000       0x24 load address 0x0000000000000bb8
                0x0000000020000000                . = ALIGN (0x4)
                0x0000000020000000                PROVIDE (_sbss = .)
 *(.sbss*)
 .sbss.SysTimer_ms
                0x0000000020000000        0x4 ./Core/Src/ch32v20x_RVMSIS.o
                0x0000000020000000                SysTimer_ms
 .sbss.Delay_counter_ms
                0x0000000020000004        0x4 ./Core/Src/ch32v20x_RVMSIS.o
                0x0000000020000004                Delay_counter_ms
 .sbss.Timeout_counter_ms
                0x0000000020000008        0x4 ./Core/Src/ch32v20x_RVMSIS.o
                0x0000000020000008                Timeout_counter_ms
 *(.gnu.linkonce.sb.*)
 *(.bss*)
 .bss.Flash_data_CH32
                0x000000002000000c        0xb ./Core/Src/main.o
                0x000000002000000c                Flash_data_CH32
 *fill*         0x0000000020000017        0x1 
 .bss.Flash_data_CH32_read
                0x0000000020000018        0xb ./Core/Src/main.o
                0x0000000020000018                Flash_data_CH32_read
 *(.gnu.linkonce.b.*)
 *(COMMON*)
                0x0000000020000024                . = ALIGN (0x4)
 *fill*         0x0000000020000023        0x1 
                0x0000000020000024                PROVIDE (_ebss = .)
                [!provide]                        PROVIDE (_end = _ebss)
                [!provide]                        PROVIDE (end = .)

.stack          0x0000000020004e00      0x200
                [!provide]                        PROVIDE (_heap_end = .)
                0x0000000020004e00                . = ALIGN (0x4)
                [!provide]                        PROVIDE (_susrstack = .)
                0x0000000020005000                . = (. + __stack_size)
 *fill*         0x0000000020004e00      0x200 
                0x0000000020005000                PROVIDE (_eusrstack = .)
OUTPUT(CH32V203C8T6.elf elf32-littleriscv)

.debug_line     0x0000000000000000     0x3589
 .debug_line    0x0000000000000000      0x264 ./Core/Startup/startup_ch32v20x_D6.o
 .debug_line    0x0000000000000264     0x2745 ./Core/Src/ch32v20x_RVMSIS.o
 .debug_line    0x00000000000029a9      0x4d4 ./Core/Src/main.o
 .debug_line    0x0000000000002e7d      0x70c ./Core/Src/system_ch32v20x.o

.debug_info     0x0000000000000000     0x1c8a
 .debug_info    0x0000000000000000       0x22 ./Core/Startup/startup_ch32v20x_D6.o
 .debug_info    0x0000000000000022     0x17dd ./Core/Src/ch32v20x_RVMSIS.o
 .debug_info    0x00000000000017ff      0x1ce ./Core/Src/main.o
 .debug_info    0x00000000000019cd      0x2bd ./Core/Src/system_ch32v20x.o

.debug_abbrev   0x0000000000000000      0x582
 .debug_abbrev  0x0000000000000000       0x12 ./Core/Startup/startup_ch32v20x_D6.o
 .debug_abbrev  0x0000000000000012      0x30b ./Core/Src/ch32v20x_RVMSIS.o
 .debug_abbrev  0x000000000000031d       0xe5 ./Core/Src/main.o
 .debug_abbrev  0x0000000000000402      0x180 ./Core/Src/system_ch32v20x.o

.debug_aranges  0x0000000000000000      0x1e0
 .debug_aranges
                0x0000000000000000       0x30 ./Core/Startup/startup_ch32v20x_D6.o
 .debug_aranges
                0x0000000000000030      0x158 ./Core/Src/ch32v20x_RVMSIS.o
 .debug_aranges
                0x0000000000000188       0x20 ./Core/Src/main.o
 .debug_aranges
                0x00000000000001a8       0x38 ./Core/Src/system_ch32v20x.o

.debug_str      0x0000000000000000    0x2f7a2
 .debug_str     0x0000000000000000       0x4a ./Core/Startup/startup_ch32v20x_D6.o
 .debug_str     0x000000000000004a    0x2f613 ./Core/Src/ch32v20x_RVMSIS.o
                                      0x2f802 (size before relaxing)
 .debug_str     0x000000000002f65d       0x68 ./Core/Src/main.o
                                      0x2ed17 (size before relaxing)
 .debug_str     0x000000000002f6c5       0xdd ./Core/Src/system_ch32v20x.o
                                      0x2ecfc (size before relaxing)

.debug_ranges   0x0000000000000000      0x1a8
 .debug_ranges  0x0000000000000000       0x28 ./Core/Startup/startup_ch32v20x_D6.o
 .debug_ranges  0x0000000000000028      0x148 ./Core/Src/ch32v20x_RVMSIS.o
 .debug_ranges  0x0000000000000170       0x10 ./Core/Src/main.o
 .debug_ranges  0x0000000000000180       0x28 ./Core/Src/system_ch32v20x.o

.debug_macro    0x0000000000000000      0x43a
 .debug_macro   0x0000000000000000      0x160 ./Core/Src/ch32v20x_RVMSIS.o
 .debug_macro   0x0000000000000160       0x22 ./Core/Src/ch32v20x_RVMSIS.o
 .debug_macro   0x0000000000000182       0x10 ./Core/Src/ch32v20x_RVMSIS.o
 .debug_macro   0x0000000000000192      0x164 ./Core/Src/main.o
 .debug_macro   0x00000000000002f6      0x144 ./Core/Src/system_ch32v20x.o

.comment        0x0000000000000000       0x33
 .comment       0x0000000000000000       0x33 ./Core/Src/ch32v20x_RVMSIS.o
                                         0x34 (size before relaxing)
 .comment       0x0000000000000033       0x34 ./Core/Src/main.o
 .comment       0x0000000000000033       0x34 ./Core/Src/system_ch32v20x.o

.debug_frame    0x0000000000000000      0x654
 .debug_frame   0x0000000000000000      0x588 ./Core/Src/ch32v20x_RVMSIS.o
 .debug_frame   0x0000000000000588       0x2c ./Core/Src/main.o
 .debug_frame   0x00000000000005b4       0xa0 ./Core/Src/system_ch32v20x.o
