Archive member included to satisfy reference by file (symbol)

c:/mounriver/mounriver_studio/toolchain/risc-v embedded gcc/bin/../lib/gcc/riscv-none-embed/8.2.0/rv32imacxw/ilp32\libgcc.a(addsf3.o)
                              ./Float_transform/Float_transform.o (__addsf3)
c:/mounriver/mounriver_studio/toolchain/risc-v embedded gcc/bin/../lib/gcc/riscv-none-embed/8.2.0/rv32imacxw/ilp32\libgcc.a(divsf3.o)
                              ./GMG12864_lib_v1.1/GMG12864_lib.o (__divsf3)
c:/mounriver/mounriver_studio/toolchain/risc-v embedded gcc/bin/../lib/gcc/riscv-none-embed/8.2.0/rv32imacxw/ilp32\libgcc.a(gesf2.o)
                              ./GMG12864_lib_v1.1/GMG12864_lib.o (__gesf2)
c:/mounriver/mounriver_studio/toolchain/risc-v embedded gcc/bin/../lib/gcc/riscv-none-embed/8.2.0/rv32imacxw/ilp32\libgcc.a(lesf2.o)
                              ./GMG12864_lib_v1.1/GMG12864_lib.o (__lesf2)
c:/mounriver/mounriver_studio/toolchain/risc-v embedded gcc/bin/../lib/gcc/riscv-none-embed/8.2.0/rv32imacxw/ilp32\libgcc.a(mulsf3.o)
                              ./GMG12864_lib_v1.1/GMG12864_lib.o (__mulsf3)
c:/mounriver/mounriver_studio/toolchain/risc-v embedded gcc/bin/../lib/gcc/riscv-none-embed/8.2.0/rv32imacxw/ilp32\libgcc.a(subsf3.o)
                              ./GMG12864_lib_v1.1/GMG12864_lib.o (__subsf3)
c:/mounriver/mounriver_studio/toolchain/risc-v embedded gcc/bin/../lib/gcc/riscv-none-embed/8.2.0/rv32imacxw/ilp32\libgcc.a(fixsfsi.o)
                              ./Float_transform/Float_transform.o (__fixsfsi)
c:/mounriver/mounriver_studio/toolchain/risc-v embedded gcc/bin/../lib/gcc/riscv-none-embed/8.2.0/rv32imacxw/ilp32\libgcc.a(fixunssfsi.o)
                              ./GMG12864_lib_v1.1/GMG12864_lib.o (__fixunssfsi)
c:/mounriver/mounriver_studio/toolchain/risc-v embedded gcc/bin/../lib/gcc/riscv-none-embed/8.2.0/rv32imacxw/ilp32\libgcc.a(floatsisf.o)
                              ./GMG12864_lib_v1.1/GMG12864_lib.o (__floatsisf)
c:/mounriver/mounriver_studio/toolchain/risc-v embedded gcc/bin/../lib/gcc/riscv-none-embed/8.2.0/rv32imacxw/ilp32\libgcc.a(floatunsisf.o)
                              ./Float_transform/Float_transform.o (__floatunsisf)
c:/mounriver/mounriver_studio/toolchain/risc-v embedded gcc/bin/../lib/gcc/riscv-none-embed/8.2.0/rv32imacxw/ilp32\libgcc.a(_clzsi2.o)
                              c:/mounriver/mounriver_studio/toolchain/risc-v embedded gcc/bin/../lib/gcc/riscv-none-embed/8.2.0/rv32imacxw/ilp32\libgcc.a(addsf3.o) (__clzsi2)
c:/mounriver/mounriver_studio/toolchain/risc-v embedded gcc/bin/../lib/gcc/riscv-none-embed/8.2.0/rv32imacxw/ilp32\libgcc.a(_clz.o)
                              c:/mounriver/mounriver_studio/toolchain/risc-v embedded gcc/bin/../lib/gcc/riscv-none-embed/8.2.0/rv32imacxw/ilp32\libgcc.a(_clzsi2.o) (__clz_tab)
c:/mounriver/mounriver_studio/toolchain/risc-v embedded gcc/bin/../lib/gcc/riscv-none-embed/8.2.0/../../../../riscv-none-embed/lib/rv32imacxw/ilp32\libg_nano.a(lib_a-memset.o)
                              ./GMG12864_lib_v1.1/GMG12864_lib.o (memset)
c:/mounriver/mounriver_studio/toolchain/risc-v embedded gcc/bin/../lib/gcc/riscv-none-embed/8.2.0/../../../../riscv-none-embed/lib/rv32imacxw/ilp32\libg_nano.a(lib_a-sprintf.o)
                              ./GMG12864_lib_v1.1/GMG12864_lib.o (sprintf)
c:/mounriver/mounriver_studio/toolchain/risc-v embedded gcc/bin/../lib/gcc/riscv-none-embed/8.2.0/../../../../riscv-none-embed/lib/rv32imacxw/ilp32\libg_nano.a(lib_a-strlen.o)
                              ./GMG12864_lib_v1.1/GMG12864_lib.o (strlen)
c:/mounriver/mounriver_studio/toolchain/risc-v embedded gcc/bin/../lib/gcc/riscv-none-embed/8.2.0/../../../../riscv-none-embed/lib/rv32imacxw/ilp32\libg_nano.a(lib_a-impure.o)
                              c:/mounriver/mounriver_studio/toolchain/risc-v embedded gcc/bin/../lib/gcc/riscv-none-embed/8.2.0/../../../../riscv-none-embed/lib/rv32imacxw/ilp32\libg_nano.a(lib_a-sprintf.o) (_impure_ptr)
c:/mounriver/mounriver_studio/toolchain/risc-v embedded gcc/bin/../lib/gcc/riscv-none-embed/8.2.0/../../../../riscv-none-embed/lib/rv32imacxw/ilp32\libg_nano.a(lib_a-nano-svfprintf.o)
                              c:/mounriver/mounriver_studio/toolchain/risc-v embedded gcc/bin/../lib/gcc/riscv-none-embed/8.2.0/../../../../riscv-none-embed/lib/rv32imacxw/ilp32\libg_nano.a(lib_a-sprintf.o) (_svfprintf_r)
c:/mounriver/mounriver_studio/toolchain/risc-v embedded gcc/bin/../lib/gcc/riscv-none-embed/8.2.0/../../../../riscv-none-embed/lib/rv32imacxw/ilp32\libg_nano.a(lib_a-nano-vfprintf_i.o)
                              c:/mounriver/mounriver_studio/toolchain/risc-v embedded gcc/bin/../lib/gcc/riscv-none-embed/8.2.0/../../../../riscv-none-embed/lib/rv32imacxw/ilp32\libg_nano.a(lib_a-nano-svfprintf.o) (_printf_i)
c:/mounriver/mounriver_studio/toolchain/risc-v embedded gcc/bin/../lib/gcc/riscv-none-embed/8.2.0/../../../../riscv-none-embed/lib/rv32imacxw/ilp32\libg_nano.a(lib_a-memchr.o)
[...]
Memory Configuration

Name             Origin             Length             Attributes
FLASH            0x0000000000000000 0x0000000000010000 xr
RAM              0x0000000020000000 0x0000000000005000 xrw
*default*        0x0000000000000000 0xffffffffffffffff

Linker script and memory map

LOAD ./GMG12864_lib_v1.1/GMG12864_lib.o
LOAD ./Float_transform/Float_transform.o
LOAD ./Drivers/src/ch32v20x_adc.o
LOAD ./Drivers/src/ch32v20x_bkp.o
LOAD ./Drivers/src/ch32v20x_can.o
LOAD ./Drivers/src/ch32v20x_crc.o
LOAD ./Drivers/src/ch32v20x_dbgmcu.o
LOAD ./Drivers/src/ch32v20x_dma.o
LOAD ./Drivers/src/ch32v20x_exti.o
LOAD ./Drivers/src/ch32v20x_flash.o
LOAD ./Drivers/src/ch32v20x_gpio.o
LOAD ./Drivers/src/ch32v20x_i2c.o
LOAD ./Drivers/src/ch32v20x_iwdg.o
LOAD ./Drivers/src/ch32v20x_misc.o
LOAD ./Drivers/src/ch32v20x_opa.o
LOAD ./Drivers/src/ch32v20x_pwr.o
LOAD ./Drivers/src/ch32v20x_rcc.o
LOAD ./Drivers/src/ch32v20x_rtc.o
LOAD ./Drivers/src/ch32v20x_spi.o
LOAD ./Drivers/src/ch32v20x_tim.o
LOAD ./Drivers/src/ch32v20x_usart.o
LOAD ./Drivers/src/ch32v20x_wwdg.o
LOAD ./Drivers/src/core_riscv.o
LOAD ./Core/Startup/startup_ch32v20x_D6.o
LOAD ./Core/Src/HDC1080.o
LOAD ./Core/Src/SoftwareTimer.o
LOAD ./Core/Src/ch32v203xx_it.o
LOAD ./Core/Src/ch32v20x_RVMSIS.o
LOAD ./Core/Src/main.o
LOAD ./Core/Src/syscalls.o
LOAD ./Buttons/Buttons.o
LOAD c:/mounriver/mounriver_studio/toolchain/risc-v embedded gcc/bin/../lib/gcc/riscv-none-embed/8.2.0/rv32imacxw/ilp32\libgcc.a
LOAD c:/mounriver/mounriver_studio/toolchain/risc-v embedded gcc/bin/../lib/gcc/riscv-none-embed/8.2.0/../../../../riscv-none-embed/lib/rv32imacxw/ilp32\libg_nano.a
LOAD c:/mounriver/mounriver_studio/toolchain/risc-v embedded gcc/bin/../lib/gcc/riscv-none-embed/8.2.0/../../../../riscv-none-embed/lib/rv32imacxw/ilp32\libc_nano.a
LOAD c:/mounriver/mounriver_studio/toolchain/risc-v embedded gcc/bin/../lib/gcc/riscv-none-embed/8.2.0/rv32imacxw/ilp32\libgcc.a
START GROUP
LOAD c:/mounriver/mounriver_studio/toolchain/risc-v embedded gcc/bin/../lib/gcc/riscv-none-embed/8.2.0/rv32imacxw/ilp32\libgcc.a
LOAD c:/mounriver/mounriver_studio/toolchain/risc-v embedded gcc/bin/../lib/gcc/riscv-none-embed/8.2.0/../../../../riscv-none-embed/lib/rv32imacxw/ilp32\libc_nano.a
LOAD c:/mounriver/mounriver_studio/toolchain/risc-v embedded gcc/bin/../lib/gcc/riscv-none-embed/8.2.0/../../../../riscv-none-embed/lib/rv32imacxw/ilp32\libnosys.a
END GROUP
START GROUP
LOAD c:/mounriver/mounriver_studio/toolchain/risc-v embedded gcc/bin/../lib/gcc/riscv-none-embed/8.2.0/rv32imacxw/ilp32\libgcc.a
LOAD c:/mounriver/mounriver_studio/toolchain/risc-v embedded gcc/bin/../lib/gcc/riscv-none-embed/8.2.0/../../../../riscv-none-embed/lib/rv32imacxw/ilp32\libc_nano.a
LOAD c:/mounriver/mounriver_studio/toolchain/risc-v embedded gcc/bin/../lib/gcc/riscv-none-embed/8.2.0/../../../../riscv-none-embed/lib/rv32imacxw/ilp32\libnosys.a
END GROUP
                0x0000000000000200                __stack_size = 0x200
                [!provide]                        PROVIDE (_stack_size = __stack_size)

.init           0x0000000000000000       0x38
                0x0000000000000000                _sinit = .
                0x0000000000000000                . = ALIGN (0x4)
 *(SORT_NONE(.init))
 .init          0x0000000000000000       0x38 ./Core/Startup/startup_ch32v20x_D6.o
                0x0000000000000000                _start
                0x0000000000000038                . = ALIGN (0x4)
                0x0000000000000038                _einit = .

.vector         0x0000000000000038      0x108
 *(.vector)
 .vector        0x0000000000000038       0xfc ./Core/Startup/startup_ch32v20x_D6.o
                0x0000000000000140                . = ALIGN (0x40)
 *fill*         0x0000000000000134        0xc 

.text           0x0000000000000140     0x6cc8
                0x0000000000000140                . = ALIGN (0x4)
 *(.text)
 .text          0x0000000000000140       0xa8 c:/mounriver/mounriver_studio/toolchain/risc-v embedded gcc/bin/../lib/gcc/riscv-none-embed/8.2.0/../../../../riscv-none-embed/lib/rv32imacxw/ilp32\libg_nano.a(lib_a-memset.o)
                0x0000000000000140                memset
 *(.text.*)
 .text.GMG12864_logo_demonstration
                0x00000000000001e8      0x15c ./GMG12864_lib_v1.1/GMG12864_lib.o
                0x00000000000001e8                GMG12864_logo_demonstration
 .text.GMG12864_Send_command
                0x0000000000000344       0x46 ./GMG12864_lib_v1.1/GMG12864_lib.o
 .text.GMG12864_Send_data
                0x000000000000038a       0x2c ./GMG12864_lib_v1.1/GMG12864_lib.o
 .text.GMG12864_Clean_Frame_buffer
                0x00000000000003b6       0x22 ./GMG12864_lib_v1.1/GMG12864_lib.o
                0x00000000000003b6                GMG12864_Clean_Frame_buffer
 .text.GMG12864_Init
                0x00000000000003d8       0xb6 ./GMG12864_lib_v1.1/GMG12864_lib.o
                0x00000000000003d8                GMG12864_Init
 .text.GMG12864_Draw_pixel
                0x000000000000048e      0x142 ./GMG12864_lib_v1.1/GMG12864_lib.o
                0x000000000000048e                GMG12864_Draw_pixel
 .text.GMG12864_Update
                0x00000000000005d0       0x9c ./GMG12864_lib_v1.1/GMG12864_lib.o
                0x00000000000005d0                GMG12864_Update
 .text.GMG12864_Print_symbol_5x7
                0x000000000000066c      0x1fc ./GMG12864_lib_v1.1/GMG12864_lib.o
                0x000000000000066c                GMG12864_Print_symbol_5x7
 .text.GMG12864_Print_symbol_3x5
                0x0000000000000868      0x1fc ./GMG12864_lib_v1.1/GMG12864_lib.o
                0x0000000000000868                GMG12864_Print_symbol_3x5
 .text.GMG12864_Decode_UTF8
                0x0000000000000a64      0x4d2 ./GMG12864_lib_v1.1/GMG12864_lib.o
                0x0000000000000a64                GMG12864_Decode_UTF8
 .text.GMG12864_Value_for_Plot
                0x0000000000000f36      0x174 ./GMG12864_lib_v1.1/GMG12864_lib.o
                0x0000000000000f36                GMG12864_Value_for_Plot
 .text.GMG12864_Fill_the_array_Plot
                0x00000000000010aa      0x16a ./GMG12864_lib_v1.1/GMG12864_lib.o
                0x00000000000010aa                GMG12864_Fill_the_array_Plot
 .text.GMG12864_Generate_a_Graph
                0x0000000000001214      0x566 ./GMG12864_lib_v1.1/GMG12864_lib.o
                0x0000000000001214                GMG12864_Generate_a_Graph
 .text.GMG12864_Draw_line
                0x000000000000177a      0x162 ./GMG12864_lib_v1.1/GMG12864_lib.o
                0x000000000000177a                GMG12864_Draw_line
 .text.Float_transform
                0x00000000000018dc      0x128 ./Float_transform/Float_transform.o
                0x00000000000018dc                Float_transform
 .text.Float_print_to_buf
                0x0000000000001a04       0x6c ./Float_transform/Float_transform.o
                0x0000000000001a04                Float_print_to_buf
 .text.vector_handler
                0x0000000000001a70       0x6c ./Core/Startup/startup_ch32v20x_D6.o
                0x0000000000001a70                NMI_Handler
                0x0000000000001a72                HardFault_Handler
                0x0000000000001a74                Ecall_M_Mode_Handler
                0x0000000000001a76                Ecall_U_Mode_Handler
                0x0000000000001a78                Break_Point_Handler
                0x0000000000001a7c                SW_handler
                0x0000000000001a7e                WWDG_IRQHandler
                0x0000000000001a80                PVD_IRQHandler
                0x0000000000001a82                TAMPER_IRQHandler
                0x0000000000001a84                RTC_IRQHandler
                0x0000000000001a86                FLASH_IRQHandler
                0x0000000000001a88                RCC_IRQHandler
                0x0000000000001a8a                EXTI0_IRQHandler
                0x0000000000001a8c                EXTI1_IRQHandler
                0x0000000000001a8e                EXTI2_IRQHandler
                0x0000000000001a90                EXTI3_IRQHandler
                0x0000000000001a92                EXTI4_IRQHandler
                0x0000000000001a94                DMA1_Channel1_IRQHandler
                0x0000000000001a96                DMA1_Channel2_IRQHandler
                0x0000000000001a98                DMA1_Channel3_IRQHandler
                0x0000000000001a9a                DMA1_Channel4_IRQHandler
                0x0000000000001a9c                DMA1_Channel5_IRQHandler
                0x0000000000001a9e                DMA1_Channel6_IRQHandler
                0x0000000000001aa0                DMA1_Channel7_IRQHandler
                0x0000000000001aa2                ADC1_2_IRQHandler
                0x0000000000001aa4                USB_HP_CAN1_TX_IRQHandler
                0x0000000000001aa6                USB_LP_CAN1_RX0_IRQHandler
                0x0000000000001aa8                CAN1_RX1_IRQHandler
                0x0000000000001aaa                CAN1_SCE_IRQHandler
                0x0000000000001aac                EXTI9_5_IRQHandler
                0x0000000000001aae                TIM1_BRK_IRQHandler
                0x0000000000001ab0                TIM1_UP_IRQHandler
                0x0000000000001ab2                TIM1_TRG_COM_IRQHandler
                0x0000000000001ab4                TIM1_CC_IRQHandler
                0x0000000000001ab6                TIM2_IRQHandler
                0x0000000000001abc                I2C1_EV_IRQHandler
                0x0000000000001abe                I2C1_ER_IRQHandler
                0x0000000000001ac0                I2C2_EV_IRQHandler
                0x0000000000001ac2                I2C2_ER_IRQHandler
                0x0000000000001ac4                SPI1_IRQHandler
                0x0000000000001ac6                SPI2_IRQHandler
                0x0000000000001ace                EXTI15_10_IRQHandler
                0x0000000000001ad0                RTCAlarm_IRQHandler
                0x0000000000001ad2                USBWakeUp_IRQHandler
                0x0000000000001ad4                USBHD_IRQHandler
                0x0000000000001ad6                USBHDWakeUp_IRQHandler
                0x0000000000001ad8                UART4_IRQHandler
                0x0000000000001ada                DMA1_Channel8_IRQHandler
 .text.handle_reset
                0x0000000000001adc       0x82 ./Core/Startup/startup_ch32v20x_D6.o
                0x0000000000001adc                handle_reset
 .text.HDC1080_init
                0x0000000000001b5e       0x82 ./Core/Src/HDC1080.o
                0x0000000000001b5e                HDC1080_init
 .text.Software_timer
                0x0000000000001be0       0x20 ./Core/Src/SoftwareTimer.o
                0x0000000000001be0                Software_timer
 .text.Software_timer_check
                0x0000000000001c00       0x30 ./Core/Src/SoftwareTimer.o
                0x0000000000001c00                Software_timer_check
 .text.SysTick_Handler
                0x0000000000001c30       0xd0 ./Core/Src/ch32v203xx_it.o
                0x0000000000001c30                SysTick_Handler
 .text.USART1_IRQHandler
                0x0000000000001d00       0xae ./Core/Src/ch32v203xx_it.o
                0x0000000000001d00                USART1_IRQHandler
 .text.USART2_IRQHandler
                0x0000000000001dae       0xae ./Core/Src/ch32v203xx_it.o
                0x0000000000001dae                USART2_IRQHandler
 .text.USART3_IRQHandler
                0x0000000000001e5c       0xae ./Core/Src/ch32v203xx_it.o
                0x0000000000001e5c                USART3_IRQHandler
 .text.TIM3_IRQHandler
                0x0000000000001f0a      0x132 ./Core/Src/ch32v203xx_it.o
                0x0000000000001f0a                TIM3_IRQHandler
 .text.NVIC_EnableIRQ
                0x000000000000203c       0x32 ./Core/Src/ch32v20x_RVMSIS.o
 .text.NVIC_SetPriority
                0x000000000000206e       0x40 ./Core/Src/ch32v20x_RVMSIS.o
 .text.RVMSIS_Debug_init
                0x00000000000020ae       0x70 ./Core/Src/ch32v20x_RVMSIS.o
                0x00000000000020ae                RVMSIS_Debug_init
 .text.RVMSIS_RCC_SystemClock_144MHz
                0x000000000000211e      0x19a ./Core/Src/ch32v20x_RVMSIS.o
                0x000000000000211e                RVMSIS_RCC_SystemClock_144MHz
 .text.RVMSIS_SysTick_Timer_init
                0x00000000000022b8       0x9a ./Core/Src/ch32v20x_RVMSIS.o
                0x00000000000022b8                RVMSIS_SysTick_Timer_init
 .text.Delay_ms
                0x0000000000002352       0x22 ./Core/Src/ch32v20x_RVMSIS.o
                0x0000000000002352                Delay_ms
 .text.RVMSIS_GPIO_MODE_Set
                0x0000000000002374       0xae ./Core/Src/ch32v20x_RVMSIS.o
 .text.RVMSIS_GPIO_SPEED_Set
                0x0000000000002422       0xb8 ./Core/Src/ch32v20x_RVMSIS.o
 .text.RVMSIS_GPIO_CNF_Set
                0x00000000000024da       0x96 ./Core/Src/ch32v20x_RVMSIS.o
 .text.RVMSIS_GPIO_Reg_Set
                0x0000000000002570      0x178 ./Core/Src/ch32v20x_RVMSIS.o
 .text.RVMSIS_GPIO_init
                0x00000000000026e8      0x15c ./Core/Src/ch32v20x_RVMSIS.o
                0x00000000000026e8                RVMSIS_GPIO_init
 .text.RVMSIS_TIM1_init
                0x0000000000002844      0x1c4 ./Core/Src/ch32v20x_RVMSIS.o
                0x0000000000002844                RVMSIS_TIM1_init
 .text.RVMSIS_TIM1_PWM_CHANNEL1_init
                0x0000000000002a08      0x162 ./Core/Src/ch32v20x_RVMSIS.o
                0x0000000000002a08                RVMSIS_TIM1_PWM_CHANNEL1_init
 .text.RVMSIS_TIM3_init
                0x0000000000002b6a      0x182 ./Core/Src/ch32v20x_RVMSIS.o
                0x0000000000002b6a                RVMSIS_TIM3_init
 .text.RVMSIS_TIM4_init
                0x0000000000002cec      0x18e ./Core/Src/ch32v20x_RVMSIS.o
                0x0000000000002cec                RVMSIS_TIM4_init
 .text.RVMSIS_I2C_Reset
                0x0000000000002e7a       0x84 ./Core/Src/ch32v20x_RVMSIS.o
                0x0000000000002e7a                RVMSIS_I2C_Reset
 .text.RVMSIS_I2C1_Init
                0x0000000000002efe      0x41a ./Core/Src/ch32v20x_RVMSIS.o
                0x0000000000002efe                RVMSIS_I2C1_Init
 .text.RVMSIS_I2C_Data_Transmit
                0x0000000000003318      0x27a ./Core/Src/ch32v20x_RVMSIS.o
                0x0000000000003318                RVMSIS_I2C_Data_Transmit
 .text.RVMSIS_I2C_Data_Receive
                0x0000000000003592      0x2d2 ./Core/Src/ch32v20x_RVMSIS.o
                0x0000000000003592                RVMSIS_I2C_Data_Receive
 .text.RVMSIS_SPI1_init
                0x0000000000003864      0x332 ./Core/Src/ch32v20x_RVMSIS.o
                0x0000000000003864                RVMSIS_SPI1_init
 .text.RVMSIS_SPI_Data_Transmit_8BIT
                0x0000000000003b96       0xe6 ./Core/Src/ch32v20x_RVMSIS.o
                0x0000000000003b96                RVMSIS_SPI_Data_Transmit_8BIT
 .text.RVMSIS_FLASH_Unlock
                0x0000000000003c7c       0x2a ./Core/Src/ch32v20x_RVMSIS.o
                0x0000000000003c7c                RVMSIS_FLASH_Unlock
 .text.RVMSIS_FLASH_Lock
                0x0000000000003ca6       0x1e ./Core/Src/ch32v20x_RVMSIS.o
                0x0000000000003ca6                RVMSIS_FLASH_Lock
 .text.RVMSIS_FLASH_Page_erase
                0x0000000000003cc4       0x6c ./Core/Src/ch32v20x_RVMSIS.o
                0x0000000000003cc4                RVMSIS_FLASH_Page_erase
 .text.RVMSIS_FLASH_Page_write
                0x0000000000003d30      0x166 ./Core/Src/ch32v20x_RVMSIS.o
                0x0000000000003d30                RVMSIS_FLASH_Page_write
 .text.RVMSIS_FLASH_Read_data
                0x0000000000003e96       0xda ./Core/Src/ch32v20x_RVMSIS.o
                0x0000000000003e96                RVMSIS_FLASH_Read_data
 .text.GPIO_Initialization
                0x0000000000003f70       0x9e ./Core/Src/main.o
                0x0000000000003f70                GPIO_Initialization
 .text.Flash_init
                0x000000000000400e       0xe0 ./Core/Src/main.o
                0x000000000000400e                Flash_init
 .text.Task1_Pooling_HDC1080
                0x00000000000040ee      0x12e ./Core/Src/main.o
                0x00000000000040ee                Task1_Pooling_HDC1080
 .text.Task2_GMG12864_output
                0x000000000000421c      0x212 ./Core/Src/main.o
                0x000000000000421c                Task2_GMG12864_output
 .text.SMA_FILTER_Get_Value
                0x000000000000442e       0xb8 ./Core/Src/main.o
                0x000000000000442e                SMA_FILTER_Get_Value
 .text.Button0_Callback
                0x00000000000044e6       0xc4 ./Core/Src/main.o
                0x00000000000044e6                Button0_Callback
 .text.Button1_Callback
                0x00000000000045aa       0xcc ./Core/Src/main.o
                0x00000000000045aa                Button1_Callback
 .text.Button2_Callback
                0x0000000000004676       0x48 ./Core/Src/main.o
                0x0000000000004676                Button2_Callback
 .text.Button3_Callback
                0x00000000000046be       0x4c ./Core/Src/main.o
                0x00000000000046be                Button3_Callback
 .text.TIM4_IRQHandler
                0x000000000000470a       0xfe ./Core/Src/main.o
                0x000000000000470a                TIM4_IRQHandler
 .text.main     0x0000000000004808       0xa2 ./Core/Src/main.o
                0x0000000000004808                main
 .text.ButtonsInit
                0x00000000000048aa       0x5e ./Buttons/Buttons.o
                0x00000000000048aa                ButtonsInit
 .text.ButtonAction
                0x0000000000004908       0x92 ./Buttons/Buttons.o
                0x0000000000004908                ButtonAction
 .text.__addsf3
                0x000000000000499a      0x36a c:/mounriver/mounriver_studio/toolchain/risc-v embedded gcc/bin/../lib/gcc/riscv-none-embed/8.2.0/rv32imacxw/ilp32\libgcc.a(addsf3.o)
                0x000000000000499a                __addsf3
 .text.__divsf3
                0x0000000000004d04      0x2b2 c:/mounriver/mounriver_studio/toolchain/risc-v embedded gcc/bin/../lib/gcc/riscv-none-embed/8.2.0/rv32imacxw/ilp32\libgcc.a(divsf3.o)
                0x0000000000004d04                __divsf3
 .text.__gesf2  0x0000000000004fb6       0x86 c:/mounriver/mounriver_studio/toolchain/risc-v embedded gcc/bin/../lib/gcc/riscv-none-embed/8.2.0/rv32imacxw/ilp32\libgcc.a(gesf2.o)
                0x0000000000004fb6                __gesf2
                0x0000000000004fb6                __gtsf2
 .text.__lesf2  0x000000000000503c       0x8c c:/mounriver/mounriver_studio/toolchain/risc-v embedded gcc/bin/../lib/gcc/riscv-none-embed/8.2.0/rv32imacxw/ilp32\libgcc.a(lesf2.o)
                0x000000000000503c                __ltsf2
                0x000000000000503c                __lesf2
 .text.__mulsf3
                0x00000000000050c8      0x290 c:/mounriver/mounriver_studio/toolchain/risc-v embedded gcc/bin/../lib/gcc/riscv-none-embed/8.2.0/rv32imacxw/ilp32\libgcc.a(mulsf3.o)
                0x00000000000050c8                __mulsf3
 .text.__subsf3
                0x0000000000005358      0x388 c:/mounriver/mounriver_studio/toolchain/risc-v embedded gcc/bin/../lib/gcc/riscv-none-embed/8.2.0/rv32imacxw/ilp32\libgcc.a(subsf3.o)
                0x0000000000005358                __subsf3
 .text.__fixsfsi
                0x00000000000056e0       0x62 c:/mounriver/mounriver_studio/toolchain/risc-v embedded gcc/bin/../lib/gcc/riscv-none-embed/8.2.0/rv32imacxw/ilp32\libgcc.a(fixsfsi.o)
                0x00000000000056e0                __fixsfsi
 .text.__fixunssfsi
                0x0000000000005742       0x56 c:/mounriver/mounriver_studio/toolchain/risc-v embedded gcc/bin/../lib/gcc/riscv-none-embed/8.2.0/rv32imacxw/ilp32\libgcc.a(fixunssfsi.o)
                0x0000000000005742                __fixunssfsi
 .text.__floatsisf
                0x0000000000005798       0xc6 c:/mounriver/mounriver_studio/toolchain/risc-v embedded gcc/bin/../lib/gcc/riscv-none-embed/8.2.0/rv32imacxw/ilp32\libgcc.a(floatsisf.o)
                0x0000000000005798                __floatsisf
 .text.__floatunsisf
                0x000000000000585e       0xce c:/mounriver/mounriver_studio/toolchain/risc-v embedded gcc/bin/../lib/gcc/riscv-none-embed/8.2.0/rv32imacxw/ilp32\libgcc.a(floatunsisf.o)
                0x000000000000585e                __floatunsisf
 .text.__clzsi2
                0x000000000000592c       0x6e c:/mounriver/mounriver_studio/toolchain/risc-v embedded gcc/bin/../lib/gcc/riscv-none-embed/8.2.0/rv32imacxw/ilp32\libgcc.a(_clzsi2.o)
                0x000000000000592c                __clzsi2
 .text.sprintf  0x000000000000599a       0x44 c:/mounriver/mounriver_studio/toolchain/risc-v embedded gcc/bin/../lib/gcc/riscv-none-embed/8.2.0/../../../../riscv-none-embed/lib/rv32imacxw/ilp32\libg_nano.a(lib_a-sprintf.o)
                0x000000000000599a                siprintf
                0x000000000000599a                sprintf
 .text.strlen   0x00000000000059de       0x12 c:/mounriver/mounriver_studio/toolchain/risc-v embedded gcc/bin/../lib/gcc/riscv-none-embed/8.2.0/../../../../riscv-none-embed/lib/rv32imacxw/ilp32\libg_nano.a(lib_a-strlen.o)
                0x00000000000059de                strlen
 .text.__ssputs_r
                0x00000000000059f0       0xde c:/mounriver/mounriver_studio/toolchain/risc-v embedded gcc/bin/../lib/gcc/riscv-none-embed/8.2.0/../../../../riscv-none-embed/lib/rv32imacxw/ilp32\libg_nano.a(lib_a-nano-svfprintf.o)
                0x00000000000059f0                __ssputs_r
 .text._svfprintf_r
                0x0000000000005ace      0x262 c:/mounriver/mounriver_studio/toolchain/risc-v embedded gcc/bin/../lib/gcc/riscv-none-embed/8.2.0/../../../../riscv-none-embed/lib/rv32imacxw/ilp32\libg_nano.a(lib_a-nano-svfprintf.o)
                0x0000000000005ace                _svfiprintf_r
                0x0000000000005ace                _svfprintf_r
 .text._printf_common
                0x0000000000005d30      0x10c c:/mounriver/mounriver_studio/toolchain/risc-v embedded gcc/bin/../lib/gcc/riscv-none-embed/8.2.0/../../../../riscv-none-embed/lib/rv32imacxw/ilp32\libg_nano.a(lib_a-nano-vfprintf_i.o)
                0x0000000000005d30                _printf_common
 .text._printf_i
                0x0000000000005e3c      0x2a2 c:/mounriver/mounriver_studio/toolchain/risc-v embedded gcc/bin/../lib/gcc/riscv-none-embed/8.2.0/../../../../riscv-none-embed/lib/rv32imacxw/ilp32\libg_nano.a(lib_a-nano-vfprintf_i.o)
                0x0000000000005e3c                _printf_i
 .text.memchr   0x00000000000060de       0x18 c:/mounriver/mounriver_studio/toolchain/risc-v embedded gcc/bin/../lib/gcc/riscv-none-embed/8.2.0/../../../../riscv-none-embed/lib/rv32imacxw/ilp32\libg_nano.a(lib_a-memchr.o)
                0x00000000000060de                memchr
 .text.memcpy   0x00000000000060f6       0xb2 c:/mounriver/mounriver_studio/toolchain/risc-v embedded gcc/bin/../lib/gcc/riscv-none-embed/8.2.0/../../../../riscv-none-embed/lib/rv32imacxw/ilp32\libg_nano.a(lib_a-memcpy.o)
                0x00000000000060f6                memcpy
 .text.memmove  0x00000000000061a8       0x46 c:/mounriver/mounriver_studio/toolchain/risc-v embedded gcc/bin/../lib/gcc/riscv-none-embed/8.2.0/../../../../riscv-none-embed/lib/rv32imacxw/ilp32\libg_nano.a(lib_a-memmove.o)
                0x00000000000061a8                memmove
 .text._free_r  0x00000000000061ee       0xa4 c:/mounriver/mounriver_studio/toolchain/risc-v embedded gcc/bin/../lib/gcc/riscv-none-embed/8.2.0/../../../../riscv-none-embed/lib/rv32imacxw/ilp32\libg_nano.a(lib_a-nano-freer.o)
                0x00000000000061ee                _free_r
 .text._malloc_r
                0x0000000000006292       0xce c:/mounriver/mounriver_studio/toolchain/risc-v embedded gcc/bin/../lib/gcc/riscv-none-embed/8.2.0/../../../../riscv-none-embed/lib/rv32imacxw/ilp32\libg_nano.a(lib_a-nano-mallocr.o)
                0x0000000000006292                _malloc_r
 .text._realloc_r
                0x0000000000006360       0x58 c:/mounriver/mounriver_studio/toolchain/risc-v embedded gcc/bin/../lib/gcc/riscv-none-embed/8.2.0/../../../../riscv-none-embed/lib/rv32imacxw/ilp32\libg_nano.a(lib_a-nano-reallocr.o)
                0x0000000000006360                _realloc_r
 .text._sbrk_r  0x00000000000063b8       0x28 c:/mounriver/mounriver_studio/toolchain/risc-v embedded gcc/bin/../lib/gcc/riscv-none-embed/8.2.0/../../../../riscv-none-embed/lib/rv32imacxw/ilp32\libg_nano.a(lib_a-sbrkr.o)
                0x00000000000063b8                _sbrk_r
 .text.__malloc_lock
                0x00000000000063e0        0x2 c:/mounriver/mounriver_studio/toolchain/risc-v embedded gcc/bin/../lib/gcc/riscv-none-embed/8.2.0/../../../../riscv-none-embed/lib/rv32imacxw/ilp32\libg_nano.a(lib_a-mlock.o)
                0x00000000000063e0                __malloc_lock
 .text.__malloc_unlock
                0x00000000000063e2        0x2 c:/mounriver/mounriver_studio/toolchain/risc-v embedded gcc/bin/../lib/gcc/riscv-none-embed/8.2.0/../../../../riscv-none-embed/lib/rv32imacxw/ilp32\libg_nano.a(lib_a-mlock.o)
                0x00000000000063e2                __malloc_unlock
 .text._malloc_usable_size_r
                0x00000000000063e4       0x14 c:/mounriver/mounriver_studio/toolchain/risc-v embedded gcc/bin/../lib/gcc/riscv-none-embed/8.2.0/../../../../riscv-none-embed/lib/rv32imacxw/ilp32\libg_nano.a(lib_a-nano-msizer.o)
                0x00000000000063e4                _malloc_usable_size_r
 .text._sbrk    0x00000000000063f8       0x20 c:/mounriver/mounriver_studio/toolchain/risc-v embedded gcc/bin/../lib/gcc/riscv-none-embed/8.2.0/../../../../riscv-none-embed/lib/rv32imacxw/ilp32\libnosys.a(sbrk.o)
                0x00000000000063f8                _sbrk
 *(.rodata)
 *fill*         0x0000000000006418        0x0 
 .rodata        0x0000000000006418       0x84 ./GMG12864_lib_v1.1/GMG12864_lib.o
 .rodata        0x000000000000649c        0x4 ./Float_transform/Float_transform.o
 .rodata        0x00000000000064a0       0xe4 ./Core/Src/main.o
 *(.rodata*)
 .rodata.Font_3x5
                0x0000000000006584      0x1e6 ./GMG12864_lib_v1.1/GMG12864_lib.o
                0x0000000000006584                Font_3x5
 *fill*         0x000000000000676a        0x2 
 .rodata.Font_5x7
                0x000000000000676c      0x32a ./GMG12864_lib_v1.1/GMG12864_lib.o
                0x000000000000676c                Font_5x7
 *fill*         0x0000000000006a96        0x2 
 .rodata.solderingiron
                0x0000000000006a98      0x171 ./GMG12864_lib_v1.1/GMG12864_lib.o
                0x0000000000006a98                solderingiron
 *fill*         0x0000000000006c09        0x3 
 .rodata.__divsf3
                0x0000000000006c0c       0x80 c:/mounriver/mounriver_studio/toolchain/risc-v embedded gcc/bin/../lib/gcc/riscv-none-embed/8.2.0/rv32imacxw/ilp32\libgcc.a(divsf3.o)
 .rodata.__mulsf3
                0x0000000000006c8c       0x40 c:/mounriver/mounriver_studio/toolchain/risc-v embedded gcc/bin/../lib/gcc/riscv-none-embed/8.2.0/rv32imacxw/ilp32\libgcc.a(mulsf3.o)
 .rodata.__clz_tab
                0x0000000000006ccc      0x100 c:/mounriver/mounriver_studio/toolchain/risc-v embedded gcc/bin/../lib/gcc/riscv-none-embed/8.2.0/rv32imacxw/ilp32\libgcc.a(_clz.o)
                0x0000000000006ccc                __clz_tab
 .rodata._svfprintf_r.str1.4
                0x0000000000006dcc       0x13 c:/mounriver/mounriver_studio/toolchain/risc-v embedded gcc/bin/../lib/gcc/riscv-none-embed/8.2.0/../../../../riscv-none-embed/lib/rv32imacxw/ilp32\libg_nano.a(lib_a-nano-svfprintf.o)
 *fill*         0x0000000000006ddf        0x1 
 .rodata._printf_i.str1.4
                0x0000000000006de0       0x28 c:/mounriver/mounriver_studio/toolchain/risc-v embedded gcc/bin/../lib/gcc/riscv-none-embed/8.2.0/../../../../riscv-none-embed/lib/rv32imacxw/ilp32\libg_nano.a(lib_a-nano-vfprintf_i.o)
                                         0x25 (size before relaxing)
 *(.glue_7)
 *(.glue_7t)
 *(.gnu.linkonce.t.*)
                0x0000000000006e08                . = ALIGN (0x4)

.rela.dyn       0x0000000000006e08        0x0
 .rela.init     0x0000000000006e08        0x0 ./GMG12864_lib_v1.1/GMG12864_lib.o
 .rela.vector   0x0000000000006e08        0x0 ./GMG12864_lib_v1.1/GMG12864_lib.o
 .rela.text.handle_reset
                0x0000000000006e08        0x0 ./GMG12864_lib_v1.1/GMG12864_lib.o
 .rela.data.impure_data
                0x0000000000006e08        0x0 ./GMG12864_lib_v1.1/GMG12864_lib.o
 .rela.text._svfprintf_r
                0x0000000000006e08        0x0 ./GMG12864_lib_v1.1/GMG12864_lib.o
 .rela.text._sbrk_r
                0x0000000000006e08        0x0 ./GMG12864_lib_v1.1/GMG12864_lib.o
 .rela.text._sbrk
                0x0000000000006e08        0x0 ./GMG12864_lib_v1.1/GMG12864_lib.o

.fini           0x0000000000006e08        0x0
 *(SORT_NONE(.fini))
                0x0000000000006e08                . = ALIGN (0x4)
                [!provide]                        PROVIDE (_etext = .)
                [!provide]                        PROVIDE (_eitcm = .)

.preinit_array  0x0000000000006e08        0x0
                [!provide]                        PROVIDE (__preinit_array_start = .)
 *(.preinit_array)
                [!provide]                        PROVIDE (__preinit_array_end = .)

.init_array     0x0000000000006e08        0x0
                [!provide]                        PROVIDE (__init_array_start = .)
 *(SORT_BY_INIT_PRIORITY(.init_array.*) SORT_BY_INIT_PRIORITY(.ctors.*))
 *(.init_array EXCLUDE_FILE(*crtend?.o *crtend.o *crtbegin?.o *crtbegin.o) .ctors)
                [!provide]                        PROVIDE (__init_array_end = .)

.fini_array     0x0000000000006e08        0x0
                [!provide]                        PROVIDE (__fini_array_start = .)
 *(SORT_BY_INIT_PRIORITY(.fini_array.*) SORT_BY_INIT_PRIORITY(.dtors.*))
 *(.fini_array EXCLUDE_FILE(*crtend?.o *crtend.o *crtbegin?.o *crtbegin.o) .dtors)
                [!provide]                        PROVIDE (__fini_array_end = .)

.ctors
 *crtbegin.o(.ctors)
 *crtbegin?.o(.ctors)
 *(EXCLUDE_FILE(*crtend?.o *crtend.o) .ctors)
 *(SORT_BY_NAME(.ctors.*))
 *(.ctors)

.dtors
 *crtbegin.o(.dtors)
 *crtbegin?.o(.dtors)
 *(EXCLUDE_FILE(*crtend?.o *crtend.o) .dtors)
 *(SORT_BY_NAME(.dtors.*))
 *(.dtors)

.dalign         0x0000000020000000        0x0 load address 0x0000000000006e08
                0x0000000020000000                . = ALIGN (0x4)
                0x0000000020000000                PROVIDE (_data_vma = .)

.dlalign        0x0000000000006e08        0x0
                0x0000000000006e08                . = ALIGN (0x4)
                0x0000000000006e08                PROVIDE (_data_lma = .)

.data           0x0000000020000000      0x140 load address 0x0000000000006e08
 *(.gnu.linkonce.r.*)
 *(.data .data.*)
 .data.Curves_exp
                0x0000000020000000       0xca ./Core/Src/main.o
                0x0000000020000000                Curves_exp
 *fill*         0x00000000200000ca        0x2 
 .data.impure_data
                0x00000000200000cc       0x60 c:/mounriver/mounriver_studio/toolchain/risc-v embedded gcc/bin/../lib/gcc/riscv-none-embed/8.2.0/../../../../riscv-none-embed/lib/rv32imacxw/ilp32\libg_nano.a(lib_a-impure.o)
 *(.gnu.linkonce.d.*)
                0x0000000020000130                . = ALIGN (0x8)
 *fill*         0x000000002000012c        0x4 
                0x0000000020000930                PROVIDE (__global_pointer$ = (. + 0x800))
 *(.sdata .sdata.*)
 .sdata.GMG12864_width
                0x0000000020000130        0x1 ./GMG12864_lib_v1.1/GMG12864_lib.o
                0x0000000020000130                GMG12864_width
 .sdata.GMG12864_height
                0x0000000020000131        0x1 ./GMG12864_lib_v1.1/GMG12864_lib.o
                0x0000000020000131                GMG12864_height
 .sdata.y_max   0x0000000020000132        0x1 ./Core/Src/main.o
                0x0000000020000132                y_max
 .sdata.y_max1  0x0000000020000133        0x1 ./Core/Src/main.o
                0x0000000020000133                y_max1
 .sdata.Backlight
                0x0000000020000134        0x4 ./Core/Src/main.o
                0x0000000020000134                Backlight
 .sdata._impure_ptr
                0x0000000020000138        0x4 c:/mounriver/mounriver_studio/toolchain/risc-v embedded gcc/bin/../lib/gcc/riscv-none-embed/8.2.0/../../../../riscv-none-embed/lib/rv32imacxw/ilp32\libg_nano.a(lib_a-impure.o)
                0x0000000020000138                _impure_ptr
 *(.sdata2.*)
 .sdata2.size_array
                0x000000002000013c        0x1 ./GMG12864_lib_v1.1/GMG12864_lib.o
                0x000000002000013c                size_array
 *(.gnu.linkonce.s.*)
                0x0000000020000140                . = ALIGN (0x8)
 *fill*         0x000000002000013d        0x3 
 *(.srodata.cst16)
 *(.srodata.cst8)
 *(.srodata.cst4)
 *(.srodata.cst2)
 *(.srodata .srodata.*)
                0x0000000020000140                . = ALIGN (0x4)
                0x0000000020000140                PROVIDE (_edata = .)

.bss            0x0000000020000140      0x70c load address 0x0000000000006f48
                0x0000000020000140                . = ALIGN (0x4)
                0x0000000020000140                PROVIDE (_sbss = .)
 *(.sbss*)
 .sbss.cnt      0x0000000020000140        0x1 ./GMG12864_lib_v1.1/GMG12864_lib.o
                0x0000000020000140                cnt
 .sbss.array_is_full
                0x0000000020000141        0x1 ./GMG12864_lib_v1.1/GMG12864_lib.o
                0x0000000020000141                array_is_full
 .sbss.sign_number
                0x0000000020000142        0x1 ./Float_transform/Float_transform.o
                0x0000000020000142                sign_number
 *fill*         0x0000000020000143        0x1 
 .sbss.integer_number
                0x0000000020000144        0x4 ./Float_transform/Float_transform.o
                0x0000000020000144                integer_number
 .sbss.fractional_number
                0x0000000020000148        0x4 ./Float_transform/Float_transform.o
                0x0000000020000148                fractional_number
 .sbss.I2C1_tx_buffer
                0x000000002000014c        0x4 ./Core/Src/HDC1080.o
                0x000000002000014c                I2C1_tx_buffer
 .sbss.Temperature
                0x0000000020000150        0x4 ./Core/Src/HDC1080.o
                0x0000000020000150                Temperature
 .sbss.Humidity
                0x0000000020000154        0x4 ./Core/Src/HDC1080.o
                0x0000000020000154                Humidity
 .sbss.SysTimer_ms
                0x0000000020000158        0x4 ./Core/Src/ch32v20x_RVMSIS.o
                0x0000000020000158                SysTimer_ms
 .sbss.Delay_counter_ms
                0x000000002000015c        0x4 ./Core/Src/ch32v20x_RVMSIS.o
                0x000000002000015c                Delay_counter_ms
 .sbss.Timeout_counter_ms
                0x0000000020000160        0x4 ./Core/Src/ch32v20x_RVMSIS.o
                0x0000000020000160                Timeout_counter_ms
 .sbss.Task1    0x0000000020000164        0x1 ./Core/Src/main.o
                0x0000000020000164                Task1
 *fill*         0x0000000020000165        0x3 
 .sbss.I2C1_Polling_Timer
                0x0000000020000168        0x4 ./Core/Src/main.o
                0x0000000020000168                I2C1_Polling_Timer
 .sbss.Temperature_SMA
                0x000000002000016c        0x4 ./Core/Src/main.o
                0x000000002000016c                Temperature_SMA
 .sbss.Humidity_SMA
                0x0000000020000170        0x4 ./Core/Src/main.o
                0x0000000020000170                Humidity_SMA
 .sbss.y_min    0x0000000020000174        0x1 ./Core/Src/main.o
                0x0000000020000174                y_min
 .sbss.cnt1     0x0000000020000175        0x1 ./Core/Src/main.o
                0x0000000020000175                cnt1
 .sbss.array_is_full_1
                0x0000000020000176        0x1 ./Core/Src/main.o
                0x0000000020000176                array_is_full_1
 .sbss.y_min1   0x0000000020000177        0x1 ./Core/Src/main.o
                0x0000000020000177                y_min1
 .sbss.Graph_number
                0x0000000020000178        0x1 ./Core/Src/main.o
                0x0000000020000178                Graph_number
 .sbss.Task2    0x0000000020000179        0x1 ./Core/Src/main.o
                0x0000000020000179                Task2
 *fill*         0x000000002000017a        0x2 
 .sbss.GMG12864_Timer
                0x000000002000017c        0x4 ./Core/Src/main.o
                0x000000002000017c                GMG12864_Timer
 .sbss.TIMER_wait_before_write_flash
                0x0000000020000180        0x4 ./Core/Src/main.o
                0x0000000020000180                TIMER_wait_before_write_flash
 .sbss.write_flash
                0x0000000020000184        0x1 ./Core/Src/main.o
                0x0000000020000184                write_flash
 *fill*         0x0000000020000185        0x3 
 .sbss.Flash_data
                0x0000000020000188        0x5 ./Core/Src/main.o
                0x0000000020000188                Flash_data
 *fill*         0x000000002000018d        0x3 
 .sbss.Button0  0x0000000020000190        0x3 ./Buttons/Buttons.o
                0x0000000020000190                Button0
 *fill*         0x0000000020000193        0x1 
 .sbss.Button1  0x0000000020000194        0x3 ./Buttons/Buttons.o
                0x0000000020000194                Button1
 *fill*         0x0000000020000197        0x1 
 .sbss.Button2  0x0000000020000198        0x3 ./Buttons/Buttons.o
                0x0000000020000198                Button2
 *fill*         0x000000002000019b        0x1 
 .sbss.Button3  0x000000002000019c        0x3 ./Buttons/Buttons.o
                0x000000002000019c                Button3
 *fill*         0x000000002000019f        0x1 
 .sbss.__malloc_free_list
                0x00000000200001a0        0x4 c:/mounriver/mounriver_studio/toolchain/risc-v embedded gcc/bin/../lib/gcc/riscv-none-embed/8.2.0/../../../../riscv-none-embed/lib/rv32imacxw/ilp32\libg_nano.a(lib_a-nano-mallocr.o)
                0x00000000200001a0                __malloc_free_list
 .sbss.__malloc_sbrk_start
                0x00000000200001a4        0x4 c:/mounriver/mounriver_studio/toolchain/risc-v embedded gcc/bin/../lib/gcc/riscv-none-embed/8.2.0/../../../../riscv-none-embed/lib/rv32imacxw/ilp32\libg_nano.a(lib_a-nano-mallocr.o)
                0x00000000200001a4                __malloc_sbrk_start
 .sbss.heap_end.1518
                0x00000000200001a8        0x4 c:/mounriver/mounriver_studio/toolchain/risc-v embedded gcc/bin/../lib/gcc/riscv-none-embed/8.2.0/../../../../riscv-none-embed/lib/rv32imacxw/ilp32\libnosys.a(sbrk.o)
 *(.gnu.linkonce.sb.*)
 *(.bss*)
 .bss.tx_buffer
                0x00000000200001ac       0x80 ./GMG12864_lib_v1.1/GMG12864_lib.o
                0x00000000200001ac                tx_buffer
 .bss.Frame_buffer
                0x000000002000022c      0x400 ./GMG12864_lib_v1.1/GMG12864_lib.o
                0x000000002000022c                Frame_buffer
 .bss.arr       0x000000002000062c       0x64 ./GMG12864_lib_v1.1/GMG12864_lib.o
                0x000000002000062c                arr
 .bss.I2C1_rx_buffer
                0x0000000020000690        0xa ./Core/Src/HDC1080.o
                0x0000000020000690                I2C1_rx_buffer
 *fill*         0x000000002000069a        0x2 
 .bss.husart1   0x000000002000069c       0x18 ./Core/Src/ch32v20x_RVMSIS.o
                0x000000002000069c                husart1
 .bss.husart2   0x00000000200006b4       0x18 ./Core/Src/ch32v20x_RVMSIS.o
                0x00000000200006b4                husart2
 .bss.husart3   0x00000000200006cc       0x18 ./Core/Src/ch32v20x_RVMSIS.o
                0x00000000200006cc                husart3
 .bss.SMA_Filter_Buffer_Temperature
                0x00000000200006e4       0x80 ./Core/Src/main.o
                0x00000000200006e4                SMA_Filter_Buffer_Temperature
 .bss.SMA_Filter_Buffer_Humidity
                0x0000000020000764       0x80 ./Core/Src/main.o
                0x0000000020000764                SMA_Filter_Buffer_Humidity
 .bss.arr1      0x00000000200007e4       0x64 ./Core/Src/main.o
                0x00000000200007e4                arr1
 *(.gnu.linkonce.b.*)
 *(COMMON*)
 COMMON         0x0000000020000848        0x4 c:/mounriver/mounriver_studio/toolchain/risc-v embedded gcc/bin/../lib/gcc/riscv-none-embed/8.2.0/../../../../riscv-none-embed/lib/rv32imacxw/ilp32\libg_nano.a(lib_a-reent.o)
                0x0000000020000848                errno
                0x000000002000084c                . = ALIGN (0x4)
                0x000000002000084c                PROVIDE (_ebss = .)
                [!provide]                        PROVIDE (_end = _ebss)
                0x000000002000084c                PROVIDE (end = .)

.stack          0x0000000020004e00      0x200
                [!provide]                        PROVIDE (_heap_end = .)
                0x0000000020004e00                . = ALIGN (0x4)
                [!provide]                        PROVIDE (_susrstack = .)
                0x0000000020005000                . = (. + __stack_size)
 *fill*         0x0000000020004e00      0x200 
                0x0000000020005000                PROVIDE (_eusrstack = .)
OUTPUT(Test_project_CH32V203C8T6.elf elf32-littleriscv)

.debug_info     0x0000000000000000     0x7f38
 .debug_info    0x0000000000000000     0x18e5 ./GMG12864_lib_v1.1/GMG12864_lib.o
 .debug_info    0x00000000000018e5      0xaa4 ./Float_transform/Float_transform.o
 .debug_info    0x0000000000002389       0x22 ./Core/Startup/startup_ch32v20x_D6.o
 .debug_info    0x00000000000023ab      0xb0e ./Core/Src/HDC1080.o
 .debug_info    0x0000000000002eb9       0xf0 ./Core/Src/SoftwareTimer.o
 .debug_info    0x0000000000002fa9      0xf2f ./Core/Src/ch32v203xx_it.o
 .debug_info    0x0000000000003ed8     0x23c2 ./Core/Src/ch32v20x_RVMSIS.o
 .debug_info    0x000000000000629a     0x1202 ./Core/Src/main.o
 .debug_info    0x000000000000749c      0xa9c ./Buttons/Buttons.o

.debug_abbrev   0x0000000000000000     0x12d4
 .debug_abbrev  0x0000000000000000      0x302 ./GMG12864_lib_v1.1/GMG12864_lib.o
 .debug_abbrev  0x0000000000000302      0x210 ./Float_transform/Float_transform.o
 .debug_abbrev  0x0000000000000512       0x12 ./Core/Startup/startup_ch32v20x_D6.o
 .debug_abbrev  0x0000000000000524      0x1ea ./Core/Src/HDC1080.o
 .debug_abbrev  0x000000000000070e       0x8e ./Core/Src/SoftwareTimer.o
 .debug_abbrev  0x000000000000079c      0x213 ./Core/Src/ch32v203xx_it.o
 .debug_abbrev  0x00000000000009af      0x435 ./Core/Src/ch32v20x_RVMSIS.o
 .debug_abbrev  0x0000000000000de4      0x2e3 ./Core/Src/main.o
 .debug_abbrev  0x00000000000010c7      0x20d ./Buttons/Buttons.o

.debug_aranges  0x0000000000000000      0x420
 .debug_aranges
                0x0000000000000000       0xc8 ./GMG12864_lib_v1.1/GMG12864_lib.o
 .debug_aranges
                0x00000000000000c8       0x28 ./Float_transform/Float_transform.o
 .debug_aranges
                0x00000000000000f0       0x30 ./Core/Startup/startup_ch32v20x_D6.o
 .debug_aranges
                0x0000000000000120       0x20 ./Core/Src/HDC1080.o
 .debug_aranges
                0x0000000000000140       0x28 ./Core/Src/SoftwareTimer.o
 .debug_aranges
                0x0000000000000168       0x40 ./Core/Src/ch32v203xx_it.o
 .debug_aranges
                0x00000000000001a8      0x1c0 ./Core/Src/ch32v20x_RVMSIS.o
 .debug_aranges
                0x0000000000000368       0x70 ./Core/Src/main.o
 .debug_aranges
                0x00000000000003d8       0x48 ./Buttons/Buttons.o

.debug_ranges   0x0000000000000000      0x3b0
 .debug_ranges  0x0000000000000000       0xd0 ./GMG12864_lib_v1.1/GMG12864_lib.o
 .debug_ranges  0x00000000000000d0       0x18 ./Float_transform/Float_transform.o
 .debug_ranges  0x00000000000000e8       0x28 ./Core/Startup/startup_ch32v20x_D6.o
 .debug_ranges  0x0000000000000110       0x10 ./Core/Src/HDC1080.o
 .debug_ranges  0x0000000000000120       0x18 ./Core/Src/SoftwareTimer.o
 .debug_ranges  0x0000000000000138       0x30 ./Core/Src/ch32v203xx_it.o
 .debug_ranges  0x0000000000000168      0x1b0 ./Core/Src/ch32v20x_RVMSIS.o
 .debug_ranges  0x0000000000000318       0x60 ./Core/Src/main.o
 .debug_ranges  0x0000000000000378       0x38 ./Buttons/Buttons.o

.debug_macro    0x0000000000000000     0xb7e7
 .debug_macro   0x0000000000000000      0x2b6 ./GMG12864_lib_v1.1/GMG12864_lib.o
 .debug_macro   0x00000000000002b6      0x760 ./GMG12864_lib_v1.1/GMG12864_lib.o
 .debug_macro   0x0000000000000a16       0x22 ./GMG12864_lib_v1.1/GMG12864_lib.o
 .debug_macro   0x0000000000000a38       0x6c ./GMG12864_lib_v1.1/GMG12864_lib.o
 .debug_macro   0x0000000000000aa4       0x22 ./GMG12864_lib_v1.1/GMG12864_lib.o
 .debug_macro   0x0000000000000ac6       0x56 ./GMG12864_lib_v1.1/GMG12864_lib.o
 .debug_macro   0x0000000000000b1c       0x51 ./GMG12864_lib_v1.1/GMG12864_lib.o
 .debug_macro   0x0000000000000b6d       0xef ./GMG12864_lib_v1.1/GMG12864_lib.o
 .debug_macro   0x0000000000000c5c       0x6a ./GMG12864_lib_v1.1/GMG12864_lib.o
 .debug_macro   0x0000000000000cc6      0x1df ./GMG12864_lib_v1.1/GMG12864_lib.o
 .debug_macro   0x0000000000000ea5       0x46 ./GMG12864_lib_v1.1/GMG12864_lib.o
 .debug_macro   0x0000000000000eeb     0x705f ./GMG12864_lib_v1.1/GMG12864_lib.o
 .debug_macro   0x0000000000007f4a      0x24f ./GMG12864_lib_v1.1/GMG12864_lib.o
 .debug_macro   0x0000000000008199      0x12a ./GMG12864_lib_v1.1/GMG12864_lib.o
 .debug_macro   0x00000000000082c3      0x32f ./GMG12864_lib_v1.1/GMG12864_lib.o
 .debug_macro   0x00000000000085f2       0x7c ./GMG12864_lib_v1.1/GMG12864_lib.o
 .debug_macro   0x000000000000866e      0x239 ./GMG12864_lib_v1.1/GMG12864_lib.o
 .debug_macro   0x00000000000088a7       0x88 ./GMG12864_lib_v1.1/GMG12864_lib.o
 .debug_macro   0x000000000000892f      0x142 ./GMG12864_lib_v1.1/GMG12864_lib.o
 .debug_macro   0x0000000000008a71      0x239 ./GMG12864_lib_v1.1/GMG12864_lib.o
 .debug_macro   0x0000000000008caa      0x206 ./GMG12864_lib_v1.1/GMG12864_lib.o
 .debug_macro   0x0000000000008eb0       0x4c ./GMG12864_lib_v1.1/GMG12864_lib.o
 .debug_macro   0x0000000000008efc       0x64 ./GMG12864_lib_v1.1/GMG12864_lib.o
 .debug_macro   0x0000000000008f60      0x35c ./GMG12864_lib_v1.1/GMG12864_lib.o
 .debug_macro   0x00000000000092bc       0x3a ./GMG12864_lib_v1.1/GMG12864_lib.o
 .debug_macro   0x00000000000092f6      0x1f1 ./GMG12864_lib_v1.1/GMG12864_lib.o
 .debug_macro   0x00000000000094e7      0x564 ./GMG12864_lib_v1.1/GMG12864_lib.o
 .debug_macro   0x0000000000009a4b      0x15e ./GMG12864_lib_v1.1/GMG12864_lib.o
 .debug_macro   0x0000000000009ba9       0x22 ./GMG12864_lib_v1.1/GMG12864_lib.o
 .debug_macro   0x0000000000009bcb       0x28 ./GMG12864_lib_v1.1/GMG12864_lib.o
 .debug_macro   0x0000000000009bf3       0x1c ./GMG12864_lib_v1.1/GMG12864_lib.o
 .debug_macro   0x0000000000009c0f       0x10 ./GMG12864_lib_v1.1/GMG12864_lib.o
 .debug_macro   0x0000000000009c1f       0x28 ./GMG12864_lib_v1.1/GMG12864_lib.o
 .debug_macro   0x0000000000009c47       0x58 ./GMG12864_lib_v1.1/GMG12864_lib.o
 .debug_macro   0x0000000000009c9f       0x19 ./GMG12864_lib_v1.1/GMG12864_lib.o
 .debug_macro   0x0000000000009cb8       0x34 ./GMG12864_lib_v1.1/GMG12864_lib.o
 .debug_macro   0x0000000000009cec       0x34 ./GMG12864_lib_v1.1/GMG12864_lib.o
 .debug_macro   0x0000000000009d20       0x16 ./GMG12864_lib_v1.1/GMG12864_lib.o
 .debug_macro   0x0000000000009d36       0x97 ./GMG12864_lib_v1.1/GMG12864_lib.o
 .debug_macro   0x0000000000009dcd      0x330 ./GMG12864_lib_v1.1/GMG12864_lib.o
 .debug_macro   0x000000000000a0fd       0xfd ./GMG12864_lib_v1.1/GMG12864_lib.o
 .debug_macro   0x000000000000a1fa       0x10 ./GMG12864_lib_v1.1/GMG12864_lib.o
 .debug_macro   0x000000000000a20a       0x58 ./GMG12864_lib_v1.1/GMG12864_lib.o
 .debug_macro   0x000000000000a262       0x1f ./GMG12864_lib_v1.1/GMG12864_lib.o
 .debug_macro   0x000000000000a281       0x43 ./GMG12864_lib_v1.1/GMG12864_lib.o
 .debug_macro   0x000000000000a2c4       0x20 ./GMG12864_lib_v1.1/GMG12864_lib.o
 .debug_macro   0x000000000000a2e4      0x18e ./GMG12864_lib_v1.1/GMG12864_lib.o
 .debug_macro   0x000000000000a472       0x10 ./GMG12864_lib_v1.1/GMG12864_lib.o
 .debug_macro   0x000000000000a482       0xb6 ./GMG12864_lib_v1.1/GMG12864_lib.o
 .debug_macro   0x000000000000a538       0x16 ./GMG12864_lib_v1.1/GMG12864_lib.o
 .debug_macro   0x000000000000a54e      0x129 ./GMG12864_lib_v1.1/GMG12864_lib.o
 .debug_macro   0x000000000000a677       0x16 ./GMG12864_lib_v1.1/GMG12864_lib.o
 .debug_macro   0x000000000000a68d       0x35 ./GMG12864_lib_v1.1/GMG12864_lib.o
 .debug_macro   0x000000000000a6c2       0x6a ./GMG12864_lib_v1.1/GMG12864_lib.o
 .debug_macro   0x000000000000a72c      0x2af ./Float_transform/Float_transform.o
 .debug_macro   0x000000000000a9db      0x2b6 ./Core/Src/HDC1080.o
 .debug_macro   0x000000000000ac91       0x66 ./Core/Src/SoftwareTimer.o
 .debug_macro   0x000000000000acf7      0x2b3 ./Core/Src/ch32v203xx_it.o
 .debug_macro   0x000000000000afaa      0x2af ./Core/Src/ch32v20x_RVMSIS.o
 .debug_macro   0x000000000000b259      0x2b7 ./Core/Src/main.o
 .debug_macro   0x000000000000b510      0x2b5 ./Buttons/Buttons.o
 .debug_macro   0x000000000000b7c5       0x22 ./Buttons/Buttons.o

.debug_line     0x0000000000000000     0x7967
 .debug_line    0x0000000000000000     0x1e0b ./GMG12864_lib_v1.1/GMG12864_lib.o
 .debug_line    0x0000000000001e0b      0x691 ./Float_transform/Float_transform.o
 .debug_line    0x000000000000249c      0x25e ./Core/Startup/startup_ch32v20x_D6.o
 .debug_line    0x00000000000026fa      0x599 ./Core/Src/HDC1080.o
 .debug_line    0x0000000000002c93      0x2a3 ./Core/Src/SoftwareTimer.o
 .debug_line    0x0000000000002f36      0x846 ./Core/Src/ch32v203xx_it.o
 .debug_line    0x000000000000377c     0x2f1d ./Core/Src/ch32v20x_RVMSIS.o
 .debug_line    0x0000000000006699      0xc0f ./Core/Src/main.o
 .debug_line    0x00000000000072a8      0x6bf ./Buttons/Buttons.o

.debug_str      0x0000000000000000    0x33d4a
 .debug_str     0x0000000000000000    0x32c47 ./GMG12864_lib_v1.1/GMG12864_lib.o
                                      0x32ef7 (size before relaxing)
 .debug_str     0x0000000000032c47       0x89 ./Float_transform/Float_transform.o
                                      0x32a97 (size before relaxing)
 .debug_str     0x0000000000032cd0       0x32 ./Core/Startup/startup_ch32v20x_D6.o
                                         0x71 (size before relaxing)
 .debug_str     0x0000000000032d02       0x6e ./Core/Src/HDC1080.o
                                      0x32af9 (size before relaxing)
 .debug_str     0x0000000000032d70       0x45 ./Core/Src/SoftwareTimer.o
                                       0x33f6 (size before relaxing)
 .debug_str     0x0000000000032db5      0x272 ./Core/Src/ch32v203xx_it.o
                                      0x32d41 (size before relaxing)
 .debug_str     0x0000000000033027      0xa91 ./Core/Src/ch32v20x_RVMSIS.o
                                      0x337c9 (size before relaxing)
 .debug_str     0x0000000000033ab8      0x21c ./Core/Src/main.o
                                      0x32fcb (size before relaxing)
 .debug_str     0x0000000000033cd4       0x76 ./Buttons/Buttons.o
                                      0x32ad9 (size before relaxing)

.comment        0x0000000000000000       0x33
 .comment       0x0000000000000000       0x33 ./GMG12864_lib_v1.1/GMG12864_lib.o
                                         0x34 (size before relaxing)
 .comment       0x0000000000000033       0x34 ./Float_transform/Float_transform.o
 .comment       0x0000000000000033       0x34 ./Core/Src/HDC1080.o
 .comment       0x0000000000000033       0x34 ./Core/Src/SoftwareTimer.o
 .comment       0x0000000000000033       0x34 ./Core/Src/ch32v203xx_it.o
 .comment       0x0000000000000033       0x34 ./Core/Src/ch32v20x_RVMSIS.o
 .comment       0x0000000000000033       0x34 ./Core/Src/main.o
 .comment       0x0000000000000033       0x34 ./Buttons/Buttons.o

.debug_frame    0x0000000000000000     0x161c
 .debug_frame   0x0000000000000000      0x35c ./GMG12864_lib_v1.1/GMG12864_lib.o
 .debug_frame   0x000000000000035c       0x60 ./Float_transform/Float_transform.o
 .debug_frame   0x00000000000003bc       0x34 ./Core/Src/HDC1080.o
 .debug_frame   0x00000000000003f0       0x50 ./Core/Src/SoftwareTimer.o
 .debug_frame   0x0000000000000440      0x158 ./Core/Src/ch32v203xx_it.o
 .debug_frame   0x0000000000000598      0x7ac ./Core/Src/ch32v20x_RVMSIS.o
 .debug_frame   0x0000000000000d44      0x1c8 ./Core/Src/main.o
 .debug_frame   0x0000000000000f0c       0xd4 ./Buttons/Buttons.o
 .debug_frame   0x0000000000000fe0       0x40 c:/mounriver/mounriver_studio/toolchain/risc-v embedded gcc/bin/../lib/gcc/riscv-none-embed/8.2.0/rv32imacxw/ilp32\libgcc.a(addsf3.o)
 .debug_frame   0x0000000000001020       0x50 c:/mounriver/mounriver_studio/toolchain/risc-v embedded gcc/bin/../lib/gcc/riscv-none-embed/8.2.0/rv32imacxw/ilp32\libgcc.a(divsf3.o)
 .debug_frame   0x0000000000001070       0x20 c:/mounriver/mounriver_studio/toolchain/risc-v embedded gcc/bin/../lib/gcc/riscv-none-embed/8.2.0/rv32imacxw/ilp32\libgcc.a(gesf2.o)
 .debug_frame   0x0000000000001090       0x20 c:/mounriver/mounriver_studio/toolchain/risc-v embedded gcc/bin/../lib/gcc/riscv-none-embed/8.2.0/rv32imacxw/ilp32\libgcc.a(lesf2.o)
 .debug_frame   0x00000000000010b0       0x50 c:/mounriver/mounriver_studio/toolchain/risc-v embedded gcc/bin/../lib/gcc/riscv-none-embed/8.2.0/rv32imacxw/ilp32\libgcc.a(mulsf3.o)
 .debug_frame   0x0000000000001100       0x3c c:/mounriver/mounriver_studio/toolchain/risc-v embedded gcc/bin/../lib/gcc/riscv-none-embed/8.2.0/rv32imacxw/ilp32\libgcc.a(subsf3.o)
 .debug_frame   0x000000000000113c       0x20 c:/mounriver/mounriver_studio/toolchain/risc-v embedded gcc/bin/../lib/gcc/riscv-none-embed/8.2.0/rv32imacxw/ilp32\libgcc.a(fixsfsi.o)
 .debug_frame   0x000000000000115c       0x20 c:/mounriver/mounriver_studio/toolchain/risc-v embedded gcc/bin/../lib/gcc/riscv-none-embed/8.2.0/rv32imacxw/ilp32\libgcc.a(fixunssfsi.o)
 .debug_frame   0x000000000000117c       0x38 c:/mounriver/mounriver_studio/toolchain/risc-v embedded gcc/bin/../lib/gcc/riscv-none-embed/8.2.0/rv32imacxw/ilp32\libgcc.a(floatsisf.o)
 .debug_frame   0x00000000000011b4       0x44 c:/mounriver/mounriver_studio/toolchain/risc-v embedded gcc/bin/../lib/gcc/riscv-none-embed/8.2.0/rv32imacxw/ilp32\libgcc.a(floatunsisf.o)
 .debug_frame   0x00000000000011f8       0x20 c:/mounriver/mounriver_studio/toolchain/risc-v embedded gcc/bin/../lib/gcc/riscv-none-embed/8.2.0/rv32imacxw/ilp32\libgcc.a(_clzsi2.o)
 .debug_frame   0x0000000000001218       0x48 c:/mounriver/mounriver_studio/toolchain/risc-v embedded gcc/bin/../lib/gcc/riscv-none-embed/8.2.0/../../../../riscv-none-embed/lib/rv32imacxw/ilp32\libg_nano.a(lib_a-sprintf.o)
 .debug_frame   0x0000000000001260       0x20 c:/mounriver/mounriver_studio/toolchain/risc-v embedded gcc/bin/../lib/gcc/riscv-none-embed/8.2.0/../../../../riscv-none-embed/lib/rv32imacxw/ilp32\libg_nano.a(lib_a-strlen.o)
 .debug_frame   0x0000000000001280       0xe0 c:/mounriver/mounriver_studio/toolchain/risc-v embedded gcc/bin/../lib/gcc/riscv-none-embed/8.2.0/../../../../riscv-none-embed/lib/rv32imacxw/ilp32\libg_nano.a(lib_a-nano-svfprintf.o)
 .debug_frame   0x0000000000001360       0x8c c:/mounriver/mounriver_studio/toolchain/risc-v embedded gcc/bin/../lib/gcc/riscv-none-embed/8.2.0/../../../../riscv-none-embed/lib/rv32imacxw/ilp32\libg_nano.a(lib_a-nano-vfprintf_i.o)
 .debug_frame   0x00000000000013ec       0x20 c:/mounriver/mounriver_studio/toolchain/risc-v embedded gcc/bin/../lib/gcc/riscv-none-embed/8.2.0/../../../../riscv-none-embed/lib/rv32imacxw/ilp32\libg_nano.a(lib_a-memchr.o)
 .debug_frame   0x000000000000140c       0x20 c:/mounriver/mounriver_studio/toolchain/risc-v embedded gcc/bin/../lib/gcc/riscv-none-embed/8.2.0/../../../../riscv-none-embed/lib/rv32imacxw/ilp32\libg_nano.a(lib_a-memcpy.o)
 .debug_frame   0x000000000000142c       0x20 c:/mounriver/mounriver_studio/toolchain/risc-v embedded gcc/bin/../lib/gcc/riscv-none-embed/8.2.0/../../../../riscv-none-embed/lib/rv32imacxw/ilp32\libg_nano.a(lib_a-memmove.o)
 .debug_frame   0x000000000000144c       0x40 c:/mounriver/mounriver_studio/toolchain/risc-v embedded gcc/bin/../lib/gcc/riscv-none-embed/8.2.0/../../../../riscv-none-embed/lib/rv32imacxw/ilp32\libg_nano.a(lib_a-nano-freer.o)
 .debug_frame   0x000000000000148c       0x40 c:/mounriver/mounriver_studio/toolchain/risc-v embedded gcc/bin/../lib/gcc/riscv-none-embed/8.2.0/../../../../riscv-none-embed/lib/rv32imacxw/ilp32\libg_nano.a(lib_a-nano-mallocr.o)
 .debug_frame   0x00000000000014cc       0x40 c:/mounriver/mounriver_studio/toolchain/risc-v embedded gcc/bin/../lib/gcc/riscv-none-embed/8.2.0/../../../../riscv-none-embed/lib/rv32imacxw/ilp32\libg_nano.a(lib_a-nano-reallocr.o)
 .debug_frame   0x000000000000150c       0x30 c:/mounriver/mounriver_studio/toolchain/risc-v embedded gcc/bin/../lib/gcc/riscv-none-embed/8.2.0/../../../../riscv-none-embed/lib/rv32imacxw/ilp32\libg_nano.a(lib_a-sbrkr.o)
 .debug_frame   0x000000000000153c       0x30 c:/mounriver/mounriver_studio/toolchain/risc-v embedded gcc/bin/../lib/gcc/riscv-none-embed/8.2.0/../../../../riscv-none-embed/lib/rv32imacxw/ilp32\libg_nano.a(lib_a-mlock.o)
 .debug_frame   0x000000000000156c       0x20 c:/mounriver/mounriver_studio/toolchain/risc-v embedded gcc/bin/../lib/gcc/riscv-none-embed/8.2.0/../../../../riscv-none-embed/lib/rv32imacxw/ilp32\libg_nano.a(lib_a-nano-msizer.o)
 .debug_frame   0x000000000000158c       0x70 c:/mounriver/mounriver_studio/toolchain/risc-v embedded gcc/bin/../lib/gcc/riscv-none-embed/8.2.0/../../../../riscv-none-embed/lib/rv32imacxw/ilp32\libg_nano.a(lib_a-reent.o)
 .debug_frame   0x00000000000015fc       0x20 c:/mounriver/mounriver_studio/toolchain/risc-v embedded gcc/bin/../lib/gcc/riscv-none-embed/8.2.0/../../../../riscv-none-embed/lib/rv32imacxw/ilp32\libnosys.a(sbrk.o)
